Archive member included to satisfy reference by file (symbol)

/home/deh/launchpad/gcc-arm-none-eabi-5_4-2016q3/bin/../lib/gcc/arm-none-eabi/5.4.1/../../../../arm-none-eabi/lib/armv7e-m/fpu/libc_nano.a(lib_a-calloc.o)
                              build/SerialTaskSend.o (calloc)
/home/deh/launchpad/gcc-arm-none-eabi-5_4-2016q3/bin/../lib/gcc/arm-none-eabi/5.4.1/../../../../arm-none-eabi/lib/armv7e-m/fpu/libc_nano.a(lib_a-exit.o)
                              /home/deh/launchpad/gcc-arm-none-eabi-5_4-2016q3/bin/../lib/gcc/arm-none-eabi/5.4.1/../../../../arm-none-eabi/lib/armv7e-m/fpu/crt0.o (exit)
/home/deh/launchpad/gcc-arm-none-eabi-5_4-2016q3/bin/../lib/gcc/arm-none-eabi/5.4.1/../../../../arm-none-eabi/lib/armv7e-m/fpu/libc_nano.a(lib_a-impure.o)
                              /home/deh/launchpad/gcc-arm-none-eabi-5_4-2016q3/bin/../lib/gcc/arm-none-eabi/5.4.1/../../../../arm-none-eabi/lib/armv7e-m/fpu/libc_nano.a(lib_a-exit.o) (_global_impure_ptr)
/home/deh/launchpad/gcc-arm-none-eabi-5_4-2016q3/bin/../lib/gcc/arm-none-eabi/5.4.1/../../../../arm-none-eabi/lib/armv7e-m/fpu/libc_nano.a(lib_a-init.o)
                              /home/deh/launchpad/gcc-arm-none-eabi-5_4-2016q3/bin/../lib/gcc/arm-none-eabi/5.4.1/../../../../arm-none-eabi/lib/armv7e-m/fpu/crt0.o (__libc_init_array)
/home/deh/launchpad/gcc-arm-none-eabi-5_4-2016q3/bin/../lib/gcc/arm-none-eabi/5.4.1/../../../../arm-none-eabi/lib/armv7e-m/fpu/libc_nano.a(lib_a-memcpy-stub.o)
                              build/queue.o (memcpy)
/home/deh/launchpad/gcc-arm-none-eabi-5_4-2016q3/bin/../lib/gcc/arm-none-eabi/5.4.1/../../../../arm-none-eabi/lib/armv7e-m/fpu/libc_nano.a(lib_a-memset.o)
                              /home/deh/launchpad/gcc-arm-none-eabi-5_4-2016q3/bin/../lib/gcc/arm-none-eabi/5.4.1/../../../../arm-none-eabi/lib/armv7e-m/fpu/crt0.o (memset)
/home/deh/launchpad/gcc-arm-none-eabi-5_4-2016q3/bin/../lib/gcc/arm-none-eabi/5.4.1/../../../../arm-none-eabi/lib/armv7e-m/fpu/libc_nano.a(lib_a-nano-callocr.o)
                              /home/deh/launchpad/gcc-arm-none-eabi-5_4-2016q3/bin/../lib/gcc/arm-none-eabi/5.4.1/../../../../arm-none-eabi/lib/armv7e-m/fpu/libc_nano.a(lib_a-calloc.o) (_calloc_r)
/home/deh/launchpad/gcc-arm-none-eabi-5_4-2016q3/bin/../lib/gcc/arm-none-eabi/5.4.1/../../../../arm-none-eabi/lib/armv7e-m/fpu/libc_nano.a(lib_a-nano-mallocr.o)
                              /home/deh/launchpad/gcc-arm-none-eabi-5_4-2016q3/bin/../lib/gcc/arm-none-eabi/5.4.1/../../../../arm-none-eabi/lib/armv7e-m/fpu/libc_nano.a(lib_a-nano-callocr.o) (_malloc_r)
/home/deh/launchpad/gcc-arm-none-eabi-5_4-2016q3/bin/../lib/gcc/arm-none-eabi/5.4.1/../../../../arm-none-eabi/lib/armv7e-m/fpu/libc_nano.a(lib_a-sbrkr.o)
                              /home/deh/launchpad/gcc-arm-none-eabi-5_4-2016q3/bin/../lib/gcc/arm-none-eabi/5.4.1/../../../../arm-none-eabi/lib/armv7e-m/fpu/libc_nano.a(lib_a-nano-mallocr.o) (_sbrk_r)
/home/deh/launchpad/gcc-arm-none-eabi-5_4-2016q3/bin/../lib/gcc/arm-none-eabi/5.4.1/../../../../arm-none-eabi/lib/armv7e-m/fpu/libc_nano.a(lib_a-strlen.o)
                              build/yprintf.o (strlen)
/home/deh/launchpad/gcc-arm-none-eabi-5_4-2016q3/bin/../lib/gcc/arm-none-eabi/5.4.1/../../../../arm-none-eabi/lib/armv7e-m/fpu/libc_nano.a(lib_a-strncpy.o)
                              build/yprintf.o (strncpy)
/home/deh/launchpad/gcc-arm-none-eabi-5_4-2016q3/bin/../lib/gcc/arm-none-eabi/5.4.1/../../../../arm-none-eabi/lib/armv7e-m/fpu/libc_nano.a(lib_a-vsnprintf.o)
                              build/yprintf.o (vsnprintf)
/home/deh/launchpad/gcc-arm-none-eabi-5_4-2016q3/bin/../lib/gcc/arm-none-eabi/5.4.1/../../../../arm-none-eabi/lib/armv7e-m/fpu/libc_nano.a(lib_a-mlock.o)
                              /home/deh/launchpad/gcc-arm-none-eabi-5_4-2016q3/bin/../lib/gcc/arm-none-eabi/5.4.1/../../../../arm-none-eabi/lib/armv7e-m/fpu/libc_nano.a(lib_a-nano-mallocr.o) (__malloc_lock)
/home/deh/launchpad/gcc-arm-none-eabi-5_4-2016q3/bin/../lib/gcc/arm-none-eabi/5.4.1/../../../../arm-none-eabi/lib/armv7e-m/fpu/libc_nano.a(lib_a-nano-svfprintf.o)
                              /home/deh/launchpad/gcc-arm-none-eabi-5_4-2016q3/bin/../lib/gcc/arm-none-eabi/5.4.1/../../../../arm-none-eabi/lib/armv7e-m/fpu/libc_nano.a(lib_a-vsnprintf.o) (_svfprintf_r)
/home/deh/launchpad/gcc-arm-none-eabi-5_4-2016q3/bin/../lib/gcc/arm-none-eabi/5.4.1/../../../../arm-none-eabi/lib/armv7e-m/fpu/libc_nano.a(lib_a-nano-vfprintf_i.o)
                              /home/deh/launchpad/gcc-arm-none-eabi-5_4-2016q3/bin/../lib/gcc/arm-none-eabi/5.4.1/../../../../arm-none-eabi/lib/armv7e-m/fpu/libc_nano.a(lib_a-nano-svfprintf.o) (_printf_i)
/home/deh/launchpad/gcc-arm-none-eabi-5_4-2016q3/bin/../lib/gcc/arm-none-eabi/5.4.1/../../../../arm-none-eabi/lib/armv7e-m/fpu/libc_nano.a(lib_a-reent.o)
                              /home/deh/launchpad/gcc-arm-none-eabi-5_4-2016q3/bin/../lib/gcc/arm-none-eabi/5.4.1/../../../../arm-none-eabi/lib/armv7e-m/fpu/libc_nano.a(lib_a-sbrkr.o) (errno)
[...]
Memory Configuration

Name             Origin             Length             Attributes
RAM              0x20000000         0x0000c000         xrw
RAM2             0x10000000         0x00004000         xrw
FLASH            0x08000000         0x00040000         xr
*default*        0x00000000         0xffffffff

Linker script and memory map

LOAD /home/deh/launchpad/gcc-arm-none-eabi-5_4-2016q3/bin/../lib/gcc/arm-none-eabi/5.4.1/armv7e-m/fpu/crti.o
LOAD /home/deh/launchpad/gcc-arm-none-eabi-5_4-2016q3/bin/../lib/gcc/arm-none-eabi/5.4.1/armv7e-m/fpu/crtbegin.o
LOAD /home/deh/launchpad/gcc-arm-none-eabi-5_4-2016q3/bin/../lib/gcc/arm-none-eabi/5.4.1/../../../../arm-none-eabi/lib/armv7e-m/fpu/crt0.o
LOAD build/main.o
LOAD build/stm32l4xx_it.o
LOAD build/stm32l4xx_hal_msp.o
LOAD build/stm32l4xx_hal_timebase_tim.o
LOAD build/stm32l4xx_hal_adc.o
LOAD build/stm32l4xx_hal_adc_ex.o
LOAD build/stm32l4xx_hal.o
LOAD build/stm32l4xx_hal_i2c.o
LOAD build/stm32l4xx_hal_i2c_ex.o
LOAD build/stm32l4xx_hal_rcc.o
LOAD build/stm32l4xx_hal_rcc_ex.o
LOAD build/stm32l4xx_hal_flash.o
LOAD build/stm32l4xx_hal_flash_ex.o
LOAD build/stm32l4xx_hal_flash_ramfunc.o
LOAD build/stm32l4xx_hal_gpio.o
LOAD build/stm32l4xx_hal_dma.o
LOAD build/stm32l4xx_hal_dma_ex.o
LOAD build/stm32l4xx_hal_pwr.o
LOAD build/stm32l4xx_hal_pwr_ex.o
LOAD build/stm32l4xx_hal_cortex.o
LOAD build/stm32l4xx_hal_exti.o
LOAD build/stm32l4xx_hal_tim.o
LOAD build/stm32l4xx_hal_tim_ex.o
LOAD build/stm32l4xx_hal_uart.o
LOAD build/stm32l4xx_hal_uart_ex.o
LOAD build/system_stm32l4xx.o
LOAD build/freertos.o
LOAD build/croutine.o
LOAD build/event_groups.o
LOAD build/list.o
LOAD build/queue.o
LOAD build/stream_buffer.o
LOAD build/tasks.o
LOAD build/timers.o
LOAD build/cmsis_os2.o
LOAD build/heap_4.o
LOAD build/port.o
LOAD build/stm32l4xx_hal_spi.o
LOAD build/stm32l4xx_hal_spi_ex.o
LOAD build/SerialTaskSend.o
LOAD build/DTW_counter.o
LOAD build/getserialbuf.o
LOAD build/yprintf.o
LOAD build/SerialTaskReceive.o
LOAD build/morse.o
LOAD build/adctask.o
LOAD build/ADCTask.o
LOAD build/hexbin.o
LOAD build/SensorTask.o
LOAD build/stackwatermark.o
LOAD build/adcfastsum16.o
LOAD build/adc_idx_v_struct.o
LOAD build/adcparams.o
LOAD build/adcparamsinit.o
LOAD build/iir_filter_lx.o
LOAD build/adcextendsum.o
LOAD build/startup_stm32l431xx.o
LOAD /home/deh/launchpad/gcc-arm-none-eabi-5_4-2016q3/bin/../lib/gcc/arm-none-eabi/5.4.1/../../../../arm-none-eabi/lib/armv7e-m/fpu/libc_nano.a
LOAD /home/deh/launchpad/gcc-arm-none-eabi-5_4-2016q3/bin/../lib/gcc/arm-none-eabi/5.4.1/../../../../arm-none-eabi/lib/armv7e-m/fpu/libm.a
LOAD /home/deh/launchpad/gcc-arm-none-eabi-5_4-2016q3/bin/../lib/gcc/arm-none-eabi/5.4.1/../../../../arm-none-eabi/lib/armv7e-m/fpu/libnosys.a
START GROUP
LOAD /home/deh/launchpad/gcc-arm-none-eabi-5_4-2016q3/bin/../lib/gcc/arm-none-eabi/5.4.1/armv7e-m/fpu/libgcc.a
LOAD /home/deh/launchpad/gcc-arm-none-eabi-5_4-2016q3/bin/../lib/gcc/arm-none-eabi/5.4.1/../../../../arm-none-eabi/lib/armv7e-m/fpu/libc_nano.a
END GROUP
START GROUP
LOAD /home/deh/launchpad/gcc-arm-none-eabi-5_4-2016q3/bin/../lib/gcc/arm-none-eabi/5.4.1/armv7e-m/fpu/libgcc.a
LOAD /home/deh/launchpad/gcc-arm-none-eabi-5_4-2016q3/bin/../lib/gcc/arm-none-eabi/5.4.1/../../../../arm-none-eabi/lib/armv7e-m/fpu/libc_nano.a
END GROUP
LOAD /home/deh/launchpad/gcc-arm-none-eabi-5_4-2016q3/bin/../lib/gcc/arm-none-eabi/5.4.1/armv7e-m/fpu/crtend.o
LOAD /home/deh/launchpad/gcc-arm-none-eabi-5_4-2016q3/bin/../lib/gcc/arm-none-eabi/5.4.1/armv7e-m/fpu/crtn.o
                0x2000c000                _estack = 0x2000c000
                0x00000200                _Min_Heap_Size = 0x200
                0x00000400                _Min_Stack_Size = 0x400

.isr_vector     0x08000000      0x190
                0x08000000                . = ALIGN (0x8)
 *(.isr_vector)
 .isr_vector    0x08000000      0x18c build/startup_stm32l431xx.o
                0x08000000                g_pfnVectors
                0x08000190                . = ALIGN (0x8)
 *fill*         0x0800018c        0x4 

.text           0x08000190     0x33c0
                0x08000190                . = ALIGN (0x8)
 *(.text)
 .text          0x08000190       0x5c /home/deh/launchpad/gcc-arm-none-eabi-5_4-2016q3/bin/../lib/gcc/arm-none-eabi/5.4.1/armv7e-m/fpu/crtbegin.o
 .text          0x080001ec       0x30 /home/deh/launchpad/gcc-arm-none-eabi-5_4-2016q3/bin/../lib/gcc/arm-none-eabi/5.4.1/armv7e-m/fpu/libgcc.a(_aeabi_uldivmod.o)
                0x080001ec                __aeabi_uldivmod
 .text          0x0800021c      0x2e4 /home/deh/launchpad/gcc-arm-none-eabi-5_4-2016q3/bin/../lib/gcc/arm-none-eabi/5.4.1/armv7e-m/fpu/libgcc.a(_udivmoddi4.o)
                0x0800021c                __udivmoddi4
 .text          0x08000500        0x4 /home/deh/launchpad/gcc-arm-none-eabi-5_4-2016q3/bin/../lib/gcc/arm-none-eabi/5.4.1/armv7e-m/fpu/libgcc.a(_dvmd_tls.o)
                0x08000500                __aeabi_ldiv0
                0x08000500                __aeabi_idiv0
 *(.text*)
 .text.MX_GPIO_Init
                0x08000504      0x150 build/main.o
 .text.MX_DMA_Init
                0x08000654       0x74 build/main.o
 .text.HAL_TIM_PeriodElapsedCallback
                0x080006c8       0x14 build/main.o
                0x080006c8                HAL_TIM_PeriodElapsedCallback
 .text.Error_Handler
                0x080006dc        0x4 build/main.o
                0x080006dc                Error_Handler
 .text.MX_USART1_UART_Init
                0x080006e0       0x38 build/main.o
 .text.MX_USART3_UART_Init
                0x08000718       0x38 build/main.o
 .text.MX_ADC1_Init
                0x08000750       0x80 build/main.o
 .text.MX_SPI1_Init
                0x080007d0       0x48 build/main.o
 .text.SystemClock_Config
                0x08000818       0x7c build/main.o
                0x08000818                SystemClock_Config
 .text.main     0x08000894       0x30 build/main.o
                0x08000894                main
 .text.NMI_Handler
                0x080008c4        0x4 build/stm32l4xx_it.o
                0x080008c4                NMI_Handler
 .text.HardFault_Handler
                0x080008c8        0x4 build/stm32l4xx_it.o
                0x080008c8                HardFault_Handler
 .text.MemManage_Handler
                0x080008cc        0x4 build/stm32l4xx_it.o
                0x080008cc                MemManage_Handler
 .text.BusFault_Handler
                0x080008d0        0x4 build/stm32l4xx_it.o
                0x080008d0                BusFault_Handler
 .text.UsageFault_Handler
                0x080008d4        0x4 build/stm32l4xx_it.o
                0x080008d4                UsageFault_Handler
 .text.DebugMon_Handler
                0x080008d8        0x4 build/stm32l4xx_it.o
                0x080008d8                DebugMon_Handler
 .text.DMA1_Channel1_IRQHandler
                0x080008dc       0x10 build/stm32l4xx_it.o
                0x080008dc                DMA1_Channel1_IRQHandler
 .text.DMA1_Channel2_IRQHandler
                0x080008ec       0x10 build/stm32l4xx_it.o
                0x080008ec                DMA1_Channel2_IRQHandler
 .text.DMA1_Channel3_IRQHandler
                0x080008fc       0x10 build/stm32l4xx_it.o
                0x080008fc                DMA1_Channel3_IRQHandler
 .text.DMA1_Channel4_IRQHandler
                0x0800090c       0x10 build/stm32l4xx_it.o
                0x0800090c                DMA1_Channel4_IRQHandler
 .text.DMA1_Channel5_IRQHandler
                0x0800091c       0x10 build/stm32l4xx_it.o
                0x0800091c                DMA1_Channel5_IRQHandler
 .text.TIM1_UP_TIM16_IRQHandler
                0x0800092c       0x10 build/stm32l4xx_it.o
                0x0800092c                TIM1_UP_TIM16_IRQHandler
 .text.HAL_MspInit
                0x0800093c       0x40 build/stm32l4xx_hal_msp.o
                0x0800093c                HAL_MspInit
 .text.HAL_ADC_MspInit
                0x0800097c       0xfc build/stm32l4xx_hal_msp.o
                0x0800097c                HAL_ADC_MspInit
 .text.HAL_SPI_MspInit
                0x08000a78       0x64 build/stm32l4xx_hal_msp.o
                0x08000a78                HAL_SPI_MspInit
 .text.HAL_UART_MspInit
                0x08000adc      0x1b8 build/stm32l4xx_hal_msp.o
                0x08000adc                HAL_UART_MspInit
 .text.HAL_InitTick
                0x08000c94       0x78 build/stm32l4xx_hal_timebase_tim.o
                0x08000c94                HAL_InitTick
 .text.HAL_ADC_Init
                0x08000d0c      0x1e4 build/stm32l4xx_hal_adc.o
                0x08000d0c                HAL_ADC_Init
 .text.HAL_ADC_ConfigChannel
                0x08000ef0      0x478 build/stm32l4xx_hal_adc.o
                0x08000ef0                HAL_ADC_ConfigChannel
 .text.HAL_Init
                0x08001368       0x1c build/stm32l4xx_hal.o
                0x08001368                HAL_Init
 .text.HAL_IncTick
                0x08001384       0x18 build/stm32l4xx_hal.o
                0x08001384                HAL_IncTick
 .text.HAL_GetTick
                0x0800139c        0xc build/stm32l4xx_hal.o
                0x0800139c                HAL_GetTick
 .text.RCC_SetFlashLatencyFromMSIRange
                0x080013a8       0x90 build/stm32l4xx_hal_rcc.o
 .text.HAL_RCC_GetSysClockFreq
                0x08001438       0xb8 build/stm32l4xx_hal_rcc.o
                0x08001438                HAL_RCC_GetSysClockFreq
 .text.HAL_RCC_OscConfig
                0x080014f0      0x6a0 build/stm32l4xx_hal_rcc.o
                0x080014f0                HAL_RCC_OscConfig
 .text.HAL_RCC_ClockConfig
                0x08001b90      0x190 build/stm32l4xx_hal_rcc.o
                0x08001b90                HAL_RCC_ClockConfig
 .text.HAL_RCC_GetHCLKFreq
                0x08001d20        0xc build/stm32l4xx_hal_rcc.o
                0x08001d20                HAL_RCC_GetHCLKFreq
 .text.HAL_RCC_GetPCLK1Freq
                0x08001d2c       0x24 build/stm32l4xx_hal_rcc.o
                0x08001d2c                HAL_RCC_GetPCLK1Freq
 .text.HAL_RCC_GetPCLK2Freq
                0x08001d50       0x24 build/stm32l4xx_hal_rcc.o
                0x08001d50                HAL_RCC_GetPCLK2Freq
 .text.HAL_RCC_GetClockConfig
                0x08001d74       0x3c build/stm32l4xx_hal_rcc.o
                0x08001d74                HAL_RCC_GetClockConfig
 .text.RCCEx_PLLSAI1_Config
                0x08001db0      0x17c build/stm32l4xx_hal_rcc_ex.o
 .text.HAL_RCCEx_PeriphCLKConfig
                0x08001f2c      0x31c build/stm32l4xx_hal_rcc_ex.o
                0x08001f2c                HAL_RCCEx_PeriphCLKConfig
 .text.HAL_GPIO_Init
                0x08002248      0x1a4 build/stm32l4xx_hal_gpio.o
                0x08002248                HAL_GPIO_Init
 .text.HAL_GPIO_WritePin
                0x080023ec        0xc build/stm32l4xx_hal_gpio.o
                0x080023ec                HAL_GPIO_WritePin
 .text.HAL_DMA_Init
                0x080023f8      0x100 build/stm32l4xx_hal_dma.o
                0x080023f8                HAL_DMA_Init
 .text.HAL_DMA_IRQHandler
                0x080024f8       0xc4 build/stm32l4xx_hal_dma.o
                0x080024f8                HAL_DMA_IRQHandler
 .text.HAL_PWREx_GetVoltageRange
                0x080025bc       0x10 build/stm32l4xx_hal_pwr_ex.o
                0x080025bc                HAL_PWREx_GetVoltageRange
 .text.HAL_PWREx_ControlVoltageScaling
                0x080025cc       0x90 build/stm32l4xx_hal_pwr_ex.o
                0x080025cc                HAL_PWREx_ControlVoltageScaling
 .text.HAL_NVIC_SetPriorityGrouping
                0x0800265c       0x24 build/stm32l4xx_hal_cortex.o
                0x0800265c                HAL_NVIC_SetPriorityGrouping
 .text.HAL_NVIC_SetPriority
                0x08002680       0x64 build/stm32l4xx_hal_cortex.o
                0x08002680                HAL_NVIC_SetPriority
 .text.HAL_NVIC_EnableIRQ
                0x080026e4       0x1c build/stm32l4xx_hal_cortex.o
                0x080026e4                HAL_NVIC_EnableIRQ
 .text.HAL_TIM_Base_MspInit
                0x08002700        0x4 build/stm32l4xx_hal_tim.o
                0x08002700                HAL_TIM_Base_MspInit
 .text.HAL_TIM_Base_Start_IT
                0x08002704       0x6c build/stm32l4xx_hal_tim.o
                0x08002704                HAL_TIM_Base_Start_IT
 .text.HAL_TIM_OC_DelayElapsedCallback
                0x08002770        0x4 build/stm32l4xx_hal_tim.o
                0x08002770                HAL_TIM_OC_DelayElapsedCallback
 .text.HAL_TIM_IC_CaptureCallback
                0x08002774        0x4 build/stm32l4xx_hal_tim.o
                0x08002774                HAL_TIM_IC_CaptureCallback
 .text.HAL_TIM_PWM_PulseFinishedCallback
                0x08002778        0x4 build/stm32l4xx_hal_tim.o
                0x08002778                HAL_TIM_PWM_PulseFinishedCallback
 .text.HAL_TIM_TriggerCallback
                0x0800277c        0x4 build/stm32l4xx_hal_tim.o
                0x0800277c                HAL_TIM_TriggerCallback
 .text.HAL_TIM_IRQHandler
                0x08002780      0x190 build/stm32l4xx_hal_tim.o
                0x08002780                HAL_TIM_IRQHandler
 .text.TIM_Base_SetConfig
                0x08002910       0x70 build/stm32l4xx_hal_tim.o
                0x08002910                TIM_Base_SetConfig
 .text.HAL_TIM_Base_Init
                0x08002980       0x64 build/stm32l4xx_hal_tim.o
                0x08002980                HAL_TIM_Base_Init
 .text.HAL_TIMEx_CommutCallback
                0x080029e4        0x4 build/stm32l4xx_hal_tim_ex.o
                0x080029e4                HAL_TIMEx_CommutCallback
 .text.HAL_TIMEx_BreakCallback
                0x080029e8        0x4 build/stm32l4xx_hal_tim_ex.o
                0x080029e8                HAL_TIMEx_BreakCallback
 .text.HAL_TIMEx_Break2Callback
                0x080029ec        0x4 build/stm32l4xx_hal_tim_ex.o
                0x080029ec                HAL_TIMEx_Break2Callback
 .text.UART_SetConfig
                0x080029f0      0x2b4 build/stm32l4xx_hal_uart.o
                0x080029f0                UART_SetConfig
 .text.UART_AdvFeatureConfig
                0x08002ca4       0xc8 build/stm32l4xx_hal_uart.o
                0x08002ca4                UART_AdvFeatureConfig
 .text.UART_WaitOnFlagUntilTimeout
                0x08002d6c       0xd0 build/stm32l4xx_hal_uart.o
                0x08002d6c                UART_WaitOnFlagUntilTimeout
 .text.UART_CheckIdleState
                0x08002e3c       0x6c build/stm32l4xx_hal_uart.o
                0x08002e3c                UART_CheckIdleState
 .text.HAL_UART_Init
                0x08002ea8       0x60 build/stm32l4xx_hal_uart.o
                0x08002ea8                HAL_UART_Init
 .text.SystemInit
                0x08002f08       0x14 build/system_stm32l4xx.o
                0x08002f08                SystemInit
 .text.vListInsertEnd
                0x08002f1c       0x18 build/list.o
                0x08002f1c                vListInsertEnd
 .text.uxListRemove
                0x08002f34       0x28 build/list.o
                0x08002f34                uxListRemove
 .text.prvResetNextTaskUnblockTime
                0x08002f5c       0x2c build/tasks.o
 .text.xTaskIncrementTick
                0x08002f88      0x11c build/tasks.o
                0x08002f88                xTaskIncrementTick
 .text.vTaskSwitchContext
                0x080030a4       0x98 build/tasks.o
                0x080030a4                vTaskSwitchContext
 .text.xTaskGetSchedulerState
                0x0800313c       0x20 build/tasks.o
                0x0800313c                xTaskGetSchedulerState
 .text.SysTick_Handler
                0x0800315c       0x18 build/cmsis_os2.o
                0x0800315c                SysTick_Handler
 *fill*         0x08003174        0xc 
 .text.SVC_Handler
                0x08003180       0x24 build/port.o
                0x08003180                SVC_Handler
 *fill*         0x080031a4        0xc 
 .text.PendSV_Handler
                0x080031b0       0x64 build/port.o
                0x080031b0                PendSV_Handler
 .text.xPortSysTickHandler
                0x08003214       0x2c build/port.o
                0x08003214                xPortSysTickHandler
 .text.HAL_SPI_Init
                0x08003240       0xe4 build/stm32l4xx_hal_spi.o
                0x08003240                HAL_SPI_Init
 .text.DTW_counter_init
                0x08003324       0x20 build/DTW_counter.o
                0x08003324                DTW_counter_init
 .text.delay    0x08003344       0x2c build/morse.o
 .text.morse_generate
                0x08003370       0x74 build/morse.o
 .text.morse_number
                0x080033e4       0x58 build/morse.o
                0x080033e4                morse_number
 .text.morse_trap
                0x0800343c       0x48 build/morse.o
                0x0800343c                morse_trap
 .text.Reset_Handler
                0x08003484       0x50 build/startup_stm32l431xx.o
                0x08003484                Reset_Handler
 .text.Default_Handler
                0x080034d4        0x2 build/startup_stm32l431xx.o
                0x080034d4                RTC_Alarm_IRQHandler
                0x080034d4                EXTI2_IRQHandler
                0x080034d4                TIM1_CC_IRQHandler
                0x080034d4                TSC_IRQHandler
                0x080034d4                TAMP_STAMP_IRQHandler
                0x080034d4                EXTI3_IRQHandler
                0x080034d4                LPTIM2_IRQHandler
                0x080034d4                I2C3_ER_IRQHandler
                0x080034d4                EXTI0_IRQHandler
                0x080034d4                I2C2_EV_IRQHandler
                0x080034d4                CAN1_RX0_IRQHandler
                0x080034d4                FPU_IRQHandler
                0x080034d4                SPI1_IRQHandler
                0x080034d4                TIM6_DAC_IRQHandler
                0x080034d4                DMA2_Channel2_IRQHandler
                0x080034d4                ADC1_IRQHandler
                0x080034d4                USART3_IRQHandler
                0x080034d4                DMA1_Channel7_IRQHandler
                0x080034d4                CAN1_RX1_IRQHandler
                0x080034d4                DMA2_Channel1_IRQHandler
                0x080034d4                QUADSPI_IRQHandler
                0x080034d4                I2C1_EV_IRQHandler
                0x080034d4                DMA1_Channel6_IRQHandler
                0x080034d4                DMA2_Channel4_IRQHandler
                0x080034d4                RCC_IRQHandler
                0x080034d4                TIM1_TRG_COM_IRQHandler
                0x080034d4                Default_Handler
                0x080034d4                DMA2_Channel7_IRQHandler
                0x080034d4                EXTI15_10_IRQHandler
                0x080034d4                TIM7_IRQHandler
                0x080034d4                SDMMC1_IRQHandler
                0x080034d4                I2C3_EV_IRQHandler
                0x080034d4                EXTI9_5_IRQHandler
                0x080034d4                RTC_WKUP_IRQHandler
                0x080034d4                PVD_PVM_IRQHandler
                0x080034d4                SPI2_IRQHandler
                0x080034d4                CAN1_TX_IRQHandler
                0x080034d4                DMA2_Channel5_IRQHandler
                0x080034d4                CRS_IRQHandler
                0x080034d4                EXTI4_IRQHandler
                0x080034d4                RNG_IRQHandler
                0x080034d4                COMP_IRQHandler
                0x080034d4                WWDG_IRQHandler
                0x080034d4                LPUART1_IRQHandler
                0x080034d4                DMA2_Channel6_IRQHandler
                0x080034d4                TIM2_IRQHandler
                0x080034d4                EXTI1_IRQHandler
                0x080034d4                USART2_IRQHandler
                0x080034d4                I2C2_ER_IRQHandler
                0x080034d4                CAN1_SCE_IRQHandler
                0x080034d4                FLASH_IRQHandler
                0x080034d4                USART1_IRQHandler
                0x080034d4                SPI3_IRQHandler
                0x080034d4                I2C1_ER_IRQHandler
                0x080034d4                SWPMI1_IRQHandler
                0x080034d4                LPTIM1_IRQHandler
                0x080034d4                SAI1_IRQHandler
                0x080034d4                DMA2_Channel3_IRQHandler
                0x080034d4                TIM1_BRK_TIM15_IRQHandler
 *fill*         0x080034d6        0x2 
 .text.__libc_init_array
                0x080034d8       0x4c /home/deh/launchpad/gcc-arm-none-eabi-5_4-2016q3/bin/../lib/gcc/arm-none-eabi/5.4.1/../../../../arm-none-eabi/lib/armv7e-m/fpu/libc_nano.a(lib_a-init.o)
                0x080034d8                __libc_init_array
 .text.memset   0x08003524       0x10 /home/deh/launchpad/gcc-arm-none-eabi-5_4-2016q3/bin/../lib/gcc/arm-none-eabi/5.4.1/../../../../arm-none-eabi/lib/armv7e-m/fpu/libc_nano.a(lib_a-memset.o)
                0x08003524                memset
 *(.glue_7)
 .glue_7        0x08003534        0x0 linker stubs
 *(.glue_7t)
 .glue_7t       0x08003534        0x0 linker stubs
 *(.eh_frame)
 .eh_frame      0x08003534        0x0 /home/deh/launchpad/gcc-arm-none-eabi-5_4-2016q3/bin/../lib/gcc/arm-none-eabi/5.4.1/armv7e-m/fpu/crtbegin.o
 *(.init)
 .init          0x08003534        0x4 /home/deh/launchpad/gcc-arm-none-eabi-5_4-2016q3/bin/../lib/gcc/arm-none-eabi/5.4.1/armv7e-m/fpu/crti.o
                0x08003534                _init
 .init          0x08003538        0x8 /home/deh/launchpad/gcc-arm-none-eabi-5_4-2016q3/bin/../lib/gcc/arm-none-eabi/5.4.1/armv7e-m/fpu/crtn.o
 *(.fini)
 .fini          0x08003540        0x4 /home/deh/launchpad/gcc-arm-none-eabi-5_4-2016q3/bin/../lib/gcc/arm-none-eabi/5.4.1/armv7e-m/fpu/crti.o
                0x08003540                _fini
 .fini          0x08003544        0x8 /home/deh/launchpad/gcc-arm-none-eabi-5_4-2016q3/bin/../lib/gcc/arm-none-eabi/5.4.1/armv7e-m/fpu/crtn.o
                0x08003550                . = ALIGN (0x8)
 *fill*         0x0800354c        0x4 
                0x08003550                _etext = .

.vfp11_veneer   0x08003550        0x0
 .vfp11_veneer  0x08003550        0x0 linker stubs

.v4_bx          0x08003550        0x0
 .v4_bx         0x08003550        0x0 linker stubs

.iplt           0x08003550        0x0
 .iplt          0x08003550        0x0 /home/deh/launchpad/gcc-arm-none-eabi-5_4-2016q3/bin/../lib/gcc/arm-none-eabi/5.4.1/armv7e-m/fpu/crtbegin.o

.rodata         0x08003550       0xd8
                0x08003550                . = ALIGN (0x8)
 *(.rodata)
 *(.rodata*)
 .rodata.AHBPrescTable
                0x08003550       0x10 build/system_stm32l4xx.o
                0x08003550                AHBPrescTable
 .rodata.APBPrescTable
                0x08003560        0x8 build/system_stm32l4xx.o
                0x08003560                APBPrescTable
 .rodata.MSIRangeTable
                0x08003568       0x30 build/system_stm32l4xx.o
                0x08003568                MSIRangeTable
 .rodata.mrse   0x08003598       0x90 build/morse.o
                0x08003598                mrse
                0x08003628                . = ALIGN (0x8)

.ARM.extab      0x08003628        0x0
                0x08003628                . = ALIGN (0x8)
 *(.ARM.extab* .gnu.linkonce.armextab.*)
                0x08003628                . = ALIGN (0x8)

.ARM            0x08003628        0x8
                0x08003628                . = ALIGN (0x8)
                0x08003628                __exidx_start = .
 *(.ARM.exidx*)
 .ARM.exidx     0x08003628        0x8 /home/deh/launchpad/gcc-arm-none-eabi-5_4-2016q3/bin/../lib/gcc/arm-none-eabi/5.4.1/armv7e-m/fpu/libgcc.a(_udivmoddi4.o)
                0x08003630                __exidx_end = .
                0x08003630                . = ALIGN (0x8)

.rel.dyn        0x08003630        0x0
 .rel.iplt      0x08003630        0x0 /home/deh/launchpad/gcc-arm-none-eabi-5_4-2016q3/bin/../lib/gcc/arm-none-eabi/5.4.1/armv7e-m/fpu/crtbegin.o

.preinit_array  0x08003630        0x0
                0x08003630                . = ALIGN (0x8)
                0x08003630                PROVIDE (__preinit_array_start, .)
 *(.preinit_array*)
                0x08003630                PROVIDE (__preinit_array_end, .)
                0x08003630                . = ALIGN (0x8)

.init_array     0x08003630        0x8
                0x08003630                . = ALIGN (0x8)
                0x08003630                PROVIDE (__init_array_start, .)
 *(SORT(.init_array.*))
 *(.init_array*)
 .init_array    0x08003630        0x4 /home/deh/launchpad/gcc-arm-none-eabi-5_4-2016q3/bin/../lib/gcc/arm-none-eabi/5.4.1/armv7e-m/fpu/crtbegin.o
                0x08003634                PROVIDE (__init_array_end, .)
                0x08003638                . = ALIGN (0x8)
 *fill*         0x08003634        0x4 

.fini_array     0x08003638        0x8
                0x08003638                . = ALIGN (0x8)
                [!provide]                PROVIDE (__fini_array_start, .)
 *(SORT(.fini_array.*))
 *(.fini_array*)
 .fini_array    0x08003638        0x4 /home/deh/launchpad/gcc-arm-none-eabi-5_4-2016q3/bin/../lib/gcc/arm-none-eabi/5.4.1/armv7e-m/fpu/crtbegin.o
                [!provide]                PROVIDE (__fini_array_end, .)
                0x08003640                . = ALIGN (0x8)
 *fill*         0x0800363c        0x4 
                0x08003640                _sidata = LOADADDR (.data)

.data           0x20000000       0x10 load address 0x08003640
                0x20000000                . = ALIGN (0x8)
                0x20000000                _sdata = .
 *(.data)
 *(.data*)
 .data.uwTickPrio
                0x20000000        0x4 build/stm32l4xx_hal.o
                0x20000000                uwTickPrio
 .data.uwTickFreq
                0x20000004        0x1 build/stm32l4xx_hal.o
                0x20000004                uwTickFreq
 *fill*         0x20000005        0x3 
 .data.SystemCoreClock
                0x20000008        0x4 build/system_stm32l4xx.o
                0x20000008                SystemCoreClock
                0x20000010                . = ALIGN (0x8)
 *fill*         0x2000000c        0x4 
                0x20000010                _edata = .

.jcr            0x20000010        0x0 load address 0x08003650
 .jcr           0x20000010        0x0 /home/deh/launchpad/gcc-arm-none-eabi-5_4-2016q3/bin/../lib/gcc/arm-none-eabi/5.4.1/armv7e-m/fpu/crtbegin.o

.igot.plt       0x20000010        0x0 load address 0x08003650
 .igot.plt      0x20000010        0x0 /home/deh/launchpad/gcc-arm-none-eabi-5_4-2016q3/bin/../lib/gcc/arm-none-eabi/5.4.1/armv7e-m/fpu/crtbegin.o
                0x20000010                . = ALIGN (0x4)

.bss            0x20000010      0x834 load address 0x08003650
                0x20000010                _sbss = .
                0x20000010                __bss_start__ = _sbss
 *(.bss)
 .bss           0x20000010       0x1c /home/deh/launchpad/gcc-arm-none-eabi-5_4-2016q3/bin/../lib/gcc/arm-none-eabi/5.4.1/armv7e-m/fpu/crtbegin.o
 *(.bss*)
 .bss.pxDelayedTaskList
                0x2000002c        0x4 build/tasks.o
 .bss.xSchedulerRunning
                0x20000030        0x4 build/tasks.o
 .bss.pxOverflowDelayedTaskList
                0x20000034        0x4 build/tasks.o
 .bss.xPendedTicks
                0x20000038        0x4 build/tasks.o
 .bss.pxReadyTasksLists
                0x2000003c      0x460 build/tasks.o
 .bss.uxSchedulerSuspended
                0x2000049c        0x4 build/tasks.o
 .bss.pxCurrentTCB
                0x200004a0        0x4 build/tasks.o
                0x200004a0                pxCurrentTCB
 .bss.xNumOfOverflows
                0x200004a4        0x4 build/tasks.o
 .bss.xTickCount
                0x200004a8        0x4 build/tasks.o
 .bss.xNextTaskUnblockTime
                0x200004ac        0x4 build/tasks.o
 .bss.uxTopReadyPriority
                0x200004b0        0x4 build/tasks.o
 .bss.xYieldPending
                0x200004b4        0x4 build/tasks.o
 *(COMMON)
 COMMON         0x200004b8      0x33c build/main.o
                0x200004b8                defaultTaskHandle
                0x200004bc                hdma_usart3_rx
                0x20000504                huart3
                0x20000588                hdma_usart3_tx
                0x200005d0                hdma_usart1_tx
                0x20000618                hadc1
                0x2000067c                hdma_usart1_rx
                0x200006c4                huart1
                0x20000748                hdma_adc1
                0x20000790                hspi1
 COMMON         0x200007f4       0x4c build/stm32l4xx_hal_timebase_tim.o
                0x200007f4                htim16
 COMMON         0x20000840        0x4 build/stm32l4xx_hal.o
                0x20000840                uwTick
                0x20000844                . = ALIGN (0x4)
                0x20000844                _ebss = .
                0x20000844                __bss_end__ = _ebss

._user_heap_stack
                0x20000844      0x604 load address 0x08003650
                0x20000848                . = ALIGN (0x8)
 *fill*         0x20000844        0x4 
                0x20000848                PROVIDE (end, .)
                [!provide]                PROVIDE (_end, .)
                0x20000a48                . = (. + _Min_Heap_Size)
 *fill*         0x20000848      0x200 
                0x20000e48                . = (. + _Min_Stack_Size)
 *fill*         0x20000a48      0x400 
                0x20000e48                . = ALIGN (0x8)

/DISCARD/
 libc.a(*)
 libm.a(*)
 libgcc.a(*)

.ARM.attributes
                0x00000000       0x30
 *(.ARM.attributes)
 .ARM.attributes
                0x00000000       0x22 /home/deh/launchpad/gcc-arm-none-eabi-5_4-2016q3/bin/../lib/gcc/arm-none-eabi/5.4.1/armv7e-m/fpu/crti.o
 .ARM.attributes
                0x00000022       0x34 /home/deh/launchpad/gcc-arm-none-eabi-5_4-2016q3/bin/../lib/gcc/arm-none-eabi/5.4.1/armv7e-m/fpu/crtbegin.o
 .ARM.attributes
                0x00000056       0x39 build/main.o
 .ARM.attributes
                0x0000008f       0x39 build/stm32l4xx_it.o
 .ARM.attributes
                0x000000c8       0x39 build/stm32l4xx_hal_msp.o
 .ARM.attributes
                0x00000101       0x39 build/stm32l4xx_hal_timebase_tim.o
 .ARM.attributes
                0x0000013a       0x39 build/stm32l4xx_hal_adc.o
 .ARM.attributes
                0x00000173       0x39 build/stm32l4xx_hal.o
 .ARM.attributes
                0x000001ac       0x39 build/stm32l4xx_hal_rcc.o
 .ARM.attributes
                0x000001e5       0x39 build/stm32l4xx_hal_rcc_ex.o
 .ARM.attributes
                0x0000021e       0x39 build/stm32l4xx_hal_gpio.o
 .ARM.attributes
                0x00000257       0x39 build/stm32l4xx_hal_dma.o
 .ARM.attributes
                0x00000290       0x39 build/stm32l4xx_hal_pwr_ex.o
 .ARM.attributes
                0x000002c9       0x39 build/stm32l4xx_hal_cortex.o
 .ARM.attributes
                0x00000302       0x39 build/stm32l4xx_hal_tim.o
 .ARM.attributes
                0x0000033b       0x39 build/stm32l4xx_hal_tim_ex.o
 .ARM.attributes
                0x00000374       0x39 build/stm32l4xx_hal_uart.o
 .ARM.attributes
                0x000003ad       0x39 build/system_stm32l4xx.o
 .ARM.attributes
                0x000003e6       0x39 build/list.o
 .ARM.attributes
                0x0000041f       0x39 build/tasks.o
 .ARM.attributes
                0x00000458       0x39 build/cmsis_os2.o
 .ARM.attributes
                0x00000491       0x39 build/port.o
 .ARM.attributes
                0x000004ca       0x39 build/stm32l4xx_hal_spi.o
 .ARM.attributes
                0x00000503       0x39 build/DTW_counter.o
 .ARM.attributes
                0x0000053c       0x39 build/morse.o
 .ARM.attributes
                0x00000575       0x21 build/startup_stm32l431xx.o
 .ARM.attributes
                0x00000596       0x34 /home/deh/launchpad/gcc-arm-none-eabi-5_4-2016q3/bin/../lib/gcc/arm-none-eabi/5.4.1/../../../../arm-none-eabi/lib/armv7e-m/fpu/libc_nano.a(lib_a-init.o)
 .ARM.attributes
                0x000005ca       0x34 /home/deh/launchpad/gcc-arm-none-eabi-5_4-2016q3/bin/../lib/gcc/arm-none-eabi/5.4.1/../../../../arm-none-eabi/lib/armv7e-m/fpu/libc_nano.a(lib_a-memset.o)
 .ARM.attributes
                0x000005fe       0x22 /home/deh/launchpad/gcc-arm-none-eabi-5_4-2016q3/bin/../lib/gcc/arm-none-eabi/5.4.1/armv7e-m/fpu/libgcc.a(_aeabi_uldivmod.o)
 .ARM.attributes
                0x00000620       0x34 /home/deh/launchpad/gcc-arm-none-eabi-5_4-2016q3/bin/../lib/gcc/arm-none-eabi/5.4.1/armv7e-m/fpu/libgcc.a(_udivmoddi4.o)
 .ARM.attributes
                0x00000654       0x22 /home/deh/launchpad/gcc-arm-none-eabi-5_4-2016q3/bin/../lib/gcc/arm-none-eabi/5.4.1/armv7e-m/fpu/libgcc.a(_dvmd_tls.o)
 .ARM.attributes
                0x00000676       0x22 /home/deh/launchpad/gcc-arm-none-eabi-5_4-2016q3/bin/../lib/gcc/arm-none-eabi/5.4.1/armv7e-m/fpu/crtn.o
OUTPUT(build/L431.elf elf32-littlearm)

.debug_info     0x00000000    0x22e1c
 .debug_info    0x00000000     0x23c5 build/main.o
 .debug_info    0x000023c5      0x956 build/stm32l4xx_it.o
 .debug_info    0x00002d1b     0x1b17 build/stm32l4xx_hal_msp.o
 .debug_info    0x00004832      0xdd6 build/stm32l4xx_hal_timebase_tim.o
 .debug_info    0x00005608     0x2bf1 build/stm32l4xx_hal_adc.o
 .debug_info    0x000081f9      0xcb4 build/stm32l4xx_hal.o
 .debug_info    0x00008ead     0x1005 build/stm32l4xx_hal_rcc.o
 .debug_info    0x00009eb2     0x1339 build/stm32l4xx_hal_rcc_ex.o
 .debug_info    0x0000b1eb      0x951 build/stm32l4xx_hal_gpio.o
 .debug_info    0x0000bb3c      0x915 build/stm32l4xx_hal_dma.o
 .debug_info    0x0000c451      0xacc build/stm32l4xx_hal_pwr_ex.o
 .debug_info    0x0000cf1d     0x103b build/stm32l4xx_hal_cortex.o
 .debug_info    0x0000df58     0x3bd3 build/stm32l4xx_hal_tim.o
 .debug_info    0x00011b2b     0x1c17 build/stm32l4xx_hal_tim_ex.o
 .debug_info    0x00013742     0x48c6 build/stm32l4xx_hal_uart.o
 .debug_info    0x00018008      0x6d8 build/system_stm32l4xx.o
 .debug_info    0x000186e0      0x2db build/list.o
 .debug_info    0x000189bb     0x2f33 build/tasks.o
 .debug_info    0x0001b8ee     0x46d1 build/cmsis_os2.o
 .debug_info    0x0001ffbf      0x5ae build/port.o
 .debug_info    0x0002056d     0x20da build/stm32l4xx_hal_spi.o
 .debug_info    0x00022647       0x3f build/DTW_counter.o
 .debug_info    0x00022686      0x72e build/morse.o
 .debug_info    0x00022db4       0x68 build/startup_stm32l431xx.o

.debug_abbrev   0x00000000     0x3572
 .debug_abbrev  0x00000000      0x2cb build/main.o
 .debug_abbrev  0x000002cb      0x19e build/stm32l4xx_it.o
 .debug_abbrev  0x00000469      0x20a build/stm32l4xx_hal_msp.o
 .debug_abbrev  0x00000673      0x1fb build/stm32l4xx_hal_timebase_tim.o
 .debug_abbrev  0x0000086e      0x2b1 build/stm32l4xx_hal_adc.o
 .debug_abbrev  0x00000b1f      0x23d build/stm32l4xx_hal.o
 .debug_abbrev  0x00000d5c      0x253 build/stm32l4xx_hal_rcc.o
 .debug_abbrev  0x00000faf      0x275 build/stm32l4xx_hal_rcc_ex.o
 .debug_abbrev  0x00001224      0x22b build/stm32l4xx_hal_gpio.o
 .debug_abbrev  0x0000144f      0x24a build/stm32l4xx_hal_dma.o
 .debug_abbrev  0x00001699      0x21c build/stm32l4xx_hal_pwr_ex.o
 .debug_abbrev  0x000018b5      0x33e build/stm32l4xx_hal_cortex.o
 .debug_abbrev  0x00001bf3      0x28e build/stm32l4xx_hal_tim.o
 .debug_abbrev  0x00001e81      0x287 build/stm32l4xx_hal_tim_ex.o
 .debug_abbrev  0x00002108      0x30d build/stm32l4xx_hal_uart.o
 .debug_abbrev  0x00002415      0x153 build/system_stm32l4xx.o
 .debug_abbrev  0x00002568       0xff build/list.o
 .debug_abbrev  0x00002667      0x354 build/tasks.o
 .debug_abbrev  0x000029bb      0x4b0 build/cmsis_os2.o
 .debug_abbrev  0x00002e6b      0x257 build/port.o
 .debug_abbrev  0x000030c2      0x25a build/stm32l4xx_hal_spi.o
 .debug_abbrev  0x0000331c       0x2e build/DTW_counter.o
 .debug_abbrev  0x0000334a      0x216 build/morse.o
 .debug_abbrev  0x00003560       0x12 build/startup_stm32l431xx.o

.debug_loc      0x00000000    0x1b2af
 .debug_loc     0x00000000      0x1e4 build/main.o
 .debug_loc     0x000001e4       0xc0 build/stm32l4xx_it.o
 .debug_loc     0x000002a4      0x253 build/stm32l4xx_hal_msp.o
 .debug_loc     0x000004f7       0xb1 build/stm32l4xx_hal_timebase_tim.o
 .debug_loc     0x000005a8     0x1d80 build/stm32l4xx_hal_adc.o
 .debug_loc     0x00002328      0x2ed build/stm32l4xx_hal.o
 .debug_loc     0x00002615      0x8fc build/stm32l4xx_hal_rcc.o
 .debug_loc     0x00002f11     0x185c build/stm32l4xx_hal_rcc_ex.o
 .debug_loc     0x0000476d      0x34e build/stm32l4xx_hal_gpio.o
 .debug_loc     0x00004abb      0x7d5 build/stm32l4xx_hal_dma.o
 .debug_loc     0x00005290      0x806 build/stm32l4xx_hal_pwr_ex.o
 .debug_loc     0x00005a96      0x5c0 build/stm32l4xx_hal_cortex.o
 .debug_loc     0x00006056     0x5b85 build/stm32l4xx_hal_tim.o
 .debug_loc     0x0000bbdb     0x25bb build/stm32l4xx_hal_tim_ex.o
 .debug_loc     0x0000e196     0x3949 build/stm32l4xx_hal_uart.o
 .debug_loc     0x00011adf       0xc2 build/system_stm32l4xx.o
 .debug_loc     0x00011ba1       0x91 build/list.o
 .debug_loc     0x00011c32     0x243f build/tasks.o
 .debug_loc     0x00014071     0x4ccd build/cmsis_os2.o
 .debug_loc     0x00018d3e      0x160 build/port.o
 .debug_loc     0x00018e9e     0x2007 build/stm32l4xx_hal_spi.o
 .debug_loc     0x0001aea5      0x40a build/morse.o

.debug_aranges  0x00000000     0x1710
 .debug_aranges
                0x00000000       0x70 build/main.o
 .debug_aranges
                0x00000070       0x78 build/stm32l4xx_it.o
 .debug_aranges
                0x000000e8       0x50 build/stm32l4xx_hal_msp.o
 .debug_aranges
                0x00000138       0x30 build/stm32l4xx_hal_timebase_tim.o
 .debug_aranges
                0x00000168       0xf8 build/stm32l4xx_hal_adc.o
 .debug_aranges
                0x00000260      0x130 build/stm32l4xx_hal.o
 .debug_aranges
                0x00000390       0x90 build/stm32l4xx_hal_rcc.o
 .debug_aranges
                0x00000420       0xf0 build/stm32l4xx_hal_rcc_ex.o
 .debug_aranges
                0x00000510       0x58 build/stm32l4xx_hal_gpio.o
 .debug_aranges
                0x00000568       0x80 build/stm32l4xx_hal_dma.o
 .debug_aranges
                0x000005e8      0x100 build/stm32l4xx_hal_pwr_ex.o
 .debug_aranges
                0x000006e8       0xa8 build/stm32l4xx_hal_cortex.o
 .debug_aranges
                0x00000790      0x3e0 build/stm32l4xx_hal_tim.o
 .debug_aranges
                0x00000b70      0x180 build/stm32l4xx_hal_tim_ex.o
 .debug_aranges
                0x00000cf0      0x228 build/stm32l4xx_hal_uart.o
 .debug_aranges
                0x00000f18       0x28 build/system_stm32l4xx.o
 .debug_aranges
                0x00000f40       0x40 build/list.o
 .debug_aranges
                0x00000f80      0x208 build/tasks.o
 .debug_aranges
                0x00001188      0x2a0 build/cmsis_os2.o
 .debug_aranges
                0x00001428       0x80 build/port.o
 .debug_aranges
                0x000014a8      0x1d8 build/stm32l4xx_hal_spi.o
 .debug_aranges
                0x00001680       0x20 build/DTW_counter.o
 .debug_aranges
                0x000016a0       0x48 build/morse.o
 .debug_aranges
                0x000016e8       0x28 build/startup_stm32l431xx.o

.debug_ranges   0x00000000     0x1638
 .debug_ranges  0x00000000       0x60 build/main.o
 .debug_ranges  0x00000060       0x68 build/stm32l4xx_it.o
 .debug_ranges  0x000000c8       0x40 build/stm32l4xx_hal_msp.o
 .debug_ranges  0x00000108       0x20 build/stm32l4xx_hal_timebase_tim.o
 .debug_ranges  0x00000128       0xe8 build/stm32l4xx_hal_adc.o
 .debug_ranges  0x00000210      0x120 build/stm32l4xx_hal.o
 .debug_ranges  0x00000330       0x98 build/stm32l4xx_hal_rcc.o
 .debug_ranges  0x000003c8       0xe0 build/stm32l4xx_hal_rcc_ex.o
 .debug_ranges  0x000004a8       0x48 build/stm32l4xx_hal_gpio.o
 .debug_ranges  0x000004f0       0x70 build/stm32l4xx_hal_dma.o
 .debug_ranges  0x00000560       0xf0 build/stm32l4xx_hal_pwr_ex.o
 .debug_ranges  0x00000650       0x98 build/stm32l4xx_hal_cortex.o
 .debug_ranges  0x000006e8      0x3d0 build/stm32l4xx_hal_tim.o
 .debug_ranges  0x00000ab8      0x170 build/stm32l4xx_hal_tim_ex.o
 .debug_ranges  0x00000c28      0x248 build/stm32l4xx_hal_uart.o
 .debug_ranges  0x00000e70       0x18 build/system_stm32l4xx.o
 .debug_ranges  0x00000e88       0x30 build/list.o
 .debug_ranges  0x00000eb8      0x250 build/tasks.o
 .debug_ranges  0x00001108      0x290 build/cmsis_os2.o
 .debug_ranges  0x00001398       0x70 build/port.o
 .debug_ranges  0x00001408      0x1c8 build/stm32l4xx_hal_spi.o
 .debug_ranges  0x000015d0       0x10 build/DTW_counter.o
 .debug_ranges  0x000015e0       0x38 build/morse.o
 .debug_ranges  0x00001618       0x20 build/startup_stm32l431xx.o

.debug_line     0x00000000     0xbf61
 .debug_line    0x00000000      0x453 build/main.o
 .debug_line    0x00000453      0x28e build/stm32l4xx_it.o
 .debug_line    0x000006e1      0x36d build/stm32l4xx_hal_msp.o
 .debug_line    0x00000a4e      0x246 build/stm32l4xx_hal_timebase_tim.o
 .debug_line    0x00000c94      0xd76 build/stm32l4xx_hal_adc.o
 .debug_line    0x00001a0a      0x490 build/stm32l4xx_hal.o
 .debug_line    0x00001e9a      0x5f9 build/stm32l4xx_hal_rcc.o
 .debug_line    0x00002493      0x7cd build/stm32l4xx_hal_rcc_ex.o
 .debug_line    0x00002c60      0x30a build/stm32l4xx_hal_gpio.o
 .debug_line    0x00002f6a      0x42e build/stm32l4xx_hal_dma.o
 .debug_line    0x00003398      0x536 build/stm32l4xx_hal_pwr_ex.o
 .debug_line    0x000038ce      0x3dd build/stm32l4xx_hal_cortex.o
 .debug_line    0x00003cab     0x2175 build/stm32l4xx_hal_tim.o
 .debug_line    0x00005e20      0xe3c build/stm32l4xx_hal_tim_ex.o
 .debug_line    0x00006c5c     0x1bb1 build/stm32l4xx_hal_uart.o
 .debug_line    0x0000880d      0x19f build/system_stm32l4xx.o
 .debug_line    0x000089ac      0x20d build/list.o
 .debug_line    0x00008bb9      0xec2 build/tasks.o
 .debug_line    0x00009a7b     0x11af build/cmsis_os2.o
 .debug_line    0x0000ac2a      0x32e build/port.o
 .debug_line    0x0000af58      0xcca build/stm32l4xx_hal_spi.o
 .debug_line    0x0000bc22       0x48 build/DTW_counter.o
 .debug_line    0x0000bc6a      0x281 build/morse.o
 .debug_line    0x0000beeb       0x76 build/startup_stm32l431xx.o

.debug_str      0x00000000     0x84a5
 .debug_str     0x00000000     0x1a81 build/main.o
                               0x1bc8 (size before relaxing)
 .debug_str     0x00001a81      0x140 build/stm32l4xx_it.o
                                0x8af (size before relaxing)
 .debug_str     0x00001bc1      0x2b0 build/stm32l4xx_hal_msp.o
                               0x1340 (size before relaxing)
 .debug_str     0x00001e71       0xf5 build/stm32l4xx_hal_timebase_tim.o
                                0xe1a (size before relaxing)
 .debug_str     0x00001f66      0x94e build/stm32l4xx_hal_adc.o
                               0x1166 (size before relaxing)
 .debug_str     0x000028b4      0x43c build/stm32l4xx_hal.o
                                0xcaa (size before relaxing)
 .debug_str     0x00002cf0      0x2a0 build/stm32l4xx_hal_rcc.o
                                0x8f5 (size before relaxing)
 .debug_str     0x00002f90      0x4bc build/stm32l4xx_hal_rcc_ex.o
                                0xc26 (size before relaxing)
 .debug_str     0x0000344c       0xd5 build/stm32l4xx_hal_gpio.o
                                0x5da (size before relaxing)
 .debug_str     0x00003521      0x216 build/stm32l4xx_hal_dma.o
                                0x6df (size before relaxing)
 .debug_str     0x00003737      0x40a build/stm32l4xx_hal_pwr_ex.o
                                0x7ca (size before relaxing)
 .debug_str     0x00003b41      0x425 build/stm32l4xx_hal_cortex.o
                                0xbc7 (size before relaxing)
 .debug_str     0x00003f66      0xec4 build/stm32l4xx_hal_tim.o
                               0x176f (size before relaxing)
 .debug_str     0x00004e2a      0x692 build/stm32l4xx_hal_tim_ex.o
                               0x1078 (size before relaxing)
 .debug_str     0x000054bc      0x799 build/stm32l4xx_hal_uart.o
                               0x107a (size before relaxing)
 .debug_str     0x00005c55       0x3d build/system_stm32l4xx.o
                                0x478 (size before relaxing)
 .debug_str     0x00005c92      0x14d build/list.o
                                0x307 (size before relaxing)
 .debug_str     0x00005ddf      0xf87 build/tasks.o
                               0x12ec (size before relaxing)
 .debug_str     0x00006d66     0x1004 build/cmsis_os2.o
                               0x20de (size before relaxing)
 .debug_str     0x00007d6a      0x17d build/port.o
                                0x487 (size before relaxing)
 .debug_str     0x00007ee7      0x542 build/stm32l4xx_hal_spi.o
                                0xc7d (size before relaxing)
 .debug_str     0x00008429       0x17 build/DTW_counter.o
                                0x10f (size before relaxing)
 .debug_str     0x00008440       0x65 build/morse.o
                                0x33e (size before relaxing)

.comment        0x00000000       0x6e
 .comment       0x00000000       0x6e build/main.o
                                 0x6f (size before relaxing)
 .comment       0x0000006e       0x6f build/stm32l4xx_it.o
 .comment       0x0000006e       0x6f build/stm32l4xx_hal_msp.o
 .comment       0x0000006e       0x6f build/stm32l4xx_hal_timebase_tim.o
 .comment       0x0000006e       0x6f build/stm32l4xx_hal_adc.o
 .comment       0x0000006e       0x6f build/stm32l4xx_hal.o
 .comment       0x0000006e       0x6f build/stm32l4xx_hal_rcc.o
 .comment       0x0000006e       0x6f build/stm32l4xx_hal_rcc_ex.o
 .comment       0x0000006e       0x6f build/stm32l4xx_hal_gpio.o
 .comment       0x0000006e       0x6f build/stm32l4xx_hal_dma.o
 .comment       0x0000006e       0x6f build/stm32l4xx_hal_pwr_ex.o
 .comment       0x0000006e       0x6f build/stm32l4xx_hal_cortex.o
 .comment       0x0000006e       0x6f build/stm32l4xx_hal_tim.o
 .comment       0x0000006e       0x6f build/stm32l4xx_hal_tim_ex.o
 .comment       0x0000006e       0x6f build/stm32l4xx_hal_uart.o
 .comment       0x0000006e       0x6f build/system_stm32l4xx.o
 .comment       0x0000006e       0x6f build/list.o
 .comment       0x0000006e       0x6f build/tasks.o
 .comment       0x0000006e       0x6f build/cmsis_os2.o
 .comment       0x0000006e       0x6f build/port.o
 .comment       0x0000006e       0x6f build/stm32l4xx_hal_spi.o
 .comment       0x0000006e       0x6f build/DTW_counter.o
 .comment       0x0000006e       0x6f build/morse.o

.debug_frame    0x00000000     0x4800
 .debug_frame   0x00000000      0x14c build/main.o
 .debug_frame   0x0000014c      0x118 build/stm32l4xx_it.o
 .debug_frame   0x00000264       0xf0 build/stm32l4xx_hal_msp.o
 .debug_frame   0x00000354       0x4c build/stm32l4xx_hal_timebase_tim.o
 .debug_frame   0x000003a0      0x34c build/stm32l4xx_hal_adc.o
 .debug_frame   0x000006ec      0x29c build/stm32l4xx_hal.o
 .debug_frame   0x00000988      0x1d4 build/stm32l4xx_hal_rcc.o
 .debug_frame   0x00000b5c      0x26c build/stm32l4xx_hal_rcc_ex.o
 .debug_frame   0x00000dc8       0xd4 build/stm32l4xx_hal_gpio.o
 .debug_frame   0x00000e9c      0x180 build/stm32l4xx_hal_dma.o
 .debug_frame   0x0000101c      0x204 build/stm32l4xx_hal_pwr_ex.o
 .debug_frame   0x00001220      0x164 build/stm32l4xx_hal_cortex.o
 .debug_frame   0x00001384      0xd0c build/stm32l4xx_hal_tim.o
 .debug_frame   0x00002090      0x59c build/stm32l4xx_hal_tim_ex.o
 .debug_frame   0x0000262c      0x6c4 build/stm32l4xx_hal_uart.o
 .debug_frame   0x00002cf0       0x30 build/system_stm32l4xx.o
 .debug_frame   0x00002d20       0x70 build/list.o
 .debug_frame   0x00002d90      0x764 build/tasks.o
 .debug_frame   0x000034f4      0xa04 build/cmsis_os2.o
 .debug_frame   0x00003ef8      0x104 build/port.o
 .debug_frame   0x00003ffc      0x664 build/stm32l4xx_hal_spi.o
 .debug_frame   0x00004660       0x20 build/DTW_counter.o
 .debug_frame   0x00004680       0xd4 build/morse.o
 .debug_frame   0x00004754       0x2c /home/deh/launchpad/gcc-arm-none-eabi-5_4-2016q3/bin/../lib/gcc/arm-none-eabi/5.4.1/../../../../arm-none-eabi/lib/armv7e-m/fpu/libc_nano.a(lib_a-init.o)
 .debug_frame   0x00004780       0x20 /home/deh/launchpad/gcc-arm-none-eabi-5_4-2016q3/bin/../lib/gcc/arm-none-eabi/5.4.1/../../../../arm-none-eabi/lib/armv7e-m/fpu/libc_nano.a(lib_a-memset.o)
 .debug_frame   0x000047a0       0x2c /home/deh/launchpad/gcc-arm-none-eabi-5_4-2016q3/bin/../lib/gcc/arm-none-eabi/5.4.1/armv7e-m/fpu/libgcc.a(_aeabi_uldivmod.o)
 .debug_frame   0x000047cc       0x34 /home/deh/launchpad/gcc-arm-none-eabi-5_4-2016q3/bin/../lib/gcc/arm-none-eabi/5.4.1/armv7e-m/fpu/libgcc.a(_udivmoddi4.o)

Cross Reference Table

Symbol                                            File
ADC1_IRQHandler                                   build/startup_stm32l431xx.o
ADCTaskHandle                                     build/ADCTask.o
                                                  build/adctask.o
ADC_ConversionStop                                build/stm32l4xx_hal_adc.o
                                                  build/stm32l4xx_hal_adc_ex.o
ADC_DMAConvCplt                                   build/stm32l4xx_hal_adc.o
ADC_DMAError                                      build/stm32l4xx_hal_adc.o
ADC_DMAHalfConvCplt                               build/stm32l4xx_hal_adc.o
ADC_Disable                                       build/stm32l4xx_hal_adc.o
                                                  build/stm32l4xx_hal_adc_ex.o
ADC_Enable                                        build/stm32l4xx_hal_adc.o
                                                  build/stm32l4xx_hal_adc_ex.o
AHBPrescTable                                     build/system_stm32l4xx.o
                                                  build/stm32l4xx_hal_rcc.o
APBPrescTable                                     build/system_stm32l4xx.o
                                                  build/stm32l4xx_hal_rcc.o
BusFault_Handler                                  build/stm32l4xx_it.o
CAN1_RX0_IRQHandler                               build/startup_stm32l431xx.o
CAN1_RX1_IRQHandler                               build/startup_stm32l431xx.o
CAN1_SCE_IRQHandler                               build/startup_stm32l431xx.o
CAN1_TX_IRQHandler                                build/startup_stm32l431xx.o
COMP_IRQHandler                                   build/startup_stm32l431xx.o
CRS_IRQHandler                                    build/startup_stm32l431xx.o
DMA1_Channel1_IRQHandler                          build/stm32l4xx_it.o
DMA1_Channel2_IRQHandler                          build/stm32l4xx_it.o
DMA1_Channel3_IRQHandler                          build/stm32l4xx_it.o
DMA1_Channel4_IRQHandler                          build/stm32l4xx_it.o
DMA1_Channel5_IRQHandler                          build/stm32l4xx_it.o
DMA1_Channel6_IRQHandler                          build/startup_stm32l431xx.o
DMA1_Channel7_IRQHandler                          build/startup_stm32l431xx.o
DMA2_Channel1_IRQHandler                          build/startup_stm32l431xx.o
DMA2_Channel2_IRQHandler                          build/startup_stm32l431xx.o
DMA2_Channel3_IRQHandler                          build/startup_stm32l431xx.o
DMA2_Channel4_IRQHandler                          build/startup_stm32l431xx.o
DMA2_Channel5_IRQHandler                          build/startup_stm32l431xx.o
DMA2_Channel6_IRQHandler                          build/startup_stm32l431xx.o
DMA2_Channel7_IRQHandler                          build/startup_stm32l431xx.o
DTW_counter_init                                  build/DTW_counter.o
                                                  build/main.o
DebugMon_Handler                                  build/stm32l4xx_it.o
Default_Handler                                   build/startup_stm32l431xx.o
EXTI0_IRQHandler                                  build/startup_stm32l431xx.o
EXTI15_10_IRQHandler                              build/startup_stm32l431xx.o
EXTI1_IRQHandler                                  build/startup_stm32l431xx.o
EXTI2_IRQHandler                                  build/startup_stm32l431xx.o
EXTI3_IRQHandler                                  build/startup_stm32l431xx.o
EXTI4_IRQHandler                                  build/startup_stm32l431xx.o
EXTI9_5_IRQHandler                                build/startup_stm32l431xx.o
Error_Handler                                     build/main.o
                                                  build/stm32l4xx_hal_msp.o
FLASH_FlushCaches                                 build/stm32l4xx_hal_flash_ex.o
                                                  build/stm32l4xx_hal_flash.o
FLASH_IRQHandler                                  build/startup_stm32l431xx.o
FLASH_PageErase                                   build/stm32l4xx_hal_flash_ex.o
                                                  build/stm32l4xx_hal_flash.o
FLASH_WaitForLastOperation                        build/stm32l4xx_hal_flash.o
                                                  build/stm32l4xx_hal_flash_ex.o
FPU_IRQHandler                                    build/startup_stm32l431xx.o
HAL_ADCEx_Calibration_GetValue                    build/stm32l4xx_hal_adc_ex.o
HAL_ADCEx_Calibration_SetValue                    build/stm32l4xx_hal_adc_ex.o
HAL_ADCEx_Calibration_Start                       build/stm32l4xx_hal_adc_ex.o
HAL_ADCEx_DisableInjectedQueue                    build/stm32l4xx_hal_adc_ex.o
HAL_ADCEx_DisableVoltageRegulator                 build/stm32l4xx_hal_adc_ex.o
HAL_ADCEx_EnableInjectedQueue                     build/stm32l4xx_hal_adc_ex.o
HAL_ADCEx_EndOfSamplingCallback                   build/stm32l4xx_hal_adc_ex.o
                                                  build/stm32l4xx_hal_adc.o
HAL_ADCEx_EnterADCDeepPowerDownMode               build/stm32l4xx_hal_adc_ex.o
HAL_ADCEx_InjectedConfigChannel                   build/stm32l4xx_hal_adc_ex.o
HAL_ADCEx_InjectedConvCpltCallback                build/stm32l4xx_hal_adc_ex.o
                                                  build/stm32l4xx_hal_adc.o
HAL_ADCEx_InjectedGetValue                        build/stm32l4xx_hal_adc_ex.o
HAL_ADCEx_InjectedPollForConversion               build/stm32l4xx_hal_adc_ex.o
HAL_ADCEx_InjectedQueueOverflowCallback           build/stm32l4xx_hal_adc_ex.o
                                                  build/stm32l4xx_hal_adc.o
HAL_ADCEx_InjectedStart                           build/stm32l4xx_hal_adc_ex.o
HAL_ADCEx_InjectedStart_IT                        build/stm32l4xx_hal_adc_ex.o
HAL_ADCEx_InjectedStop                            build/stm32l4xx_hal_adc_ex.o
HAL_ADCEx_InjectedStop_IT                         build/stm32l4xx_hal_adc_ex.o
HAL_ADCEx_LevelOutOfWindow2Callback               build/stm32l4xx_hal_adc_ex.o
                                                  build/stm32l4xx_hal_adc.o
HAL_ADCEx_LevelOutOfWindow3Callback               build/stm32l4xx_hal_adc_ex.o
                                                  build/stm32l4xx_hal_adc.o
HAL_ADCEx_RegularStop                             build/stm32l4xx_hal_adc_ex.o
HAL_ADCEx_RegularStop_DMA                         build/stm32l4xx_hal_adc_ex.o
HAL_ADCEx_RegularStop_IT                          build/stm32l4xx_hal_adc_ex.o
HAL_ADC_AnalogWDGConfig                           build/stm32l4xx_hal_adc.o
HAL_ADC_ConfigChannel                             build/stm32l4xx_hal_adc.o
                                                  build/main.o
HAL_ADC_ConvCpltCallback                          build/adctask.o
                                                  build/stm32l4xx_hal_adc.o
HAL_ADC_ConvHalfCpltCallback                      build/adctask.o
                                                  build/stm32l4xx_hal_adc.o
HAL_ADC_DeInit                                    build/stm32l4xx_hal_adc.o
HAL_ADC_ErrorCallback                             build/stm32l4xx_hal_adc.o
HAL_ADC_GetError                                  build/stm32l4xx_hal_adc.o
HAL_ADC_GetState                                  build/stm32l4xx_hal_adc.o
HAL_ADC_GetValue                                  build/stm32l4xx_hal_adc.o
HAL_ADC_IRQHandler                                build/stm32l4xx_hal_adc.o
HAL_ADC_Init                                      build/stm32l4xx_hal_adc.o
                                                  build/main.o
HAL_ADC_LevelOutOfWindowCallback                  build/stm32l4xx_hal_adc.o
HAL_ADC_MspDeInit                                 build/stm32l4xx_hal_msp.o
HAL_ADC_MspInit                                   build/stm32l4xx_hal_msp.o
HAL_ADC_PollForConversion                         build/stm32l4xx_hal_adc.o
HAL_ADC_PollForEvent                              build/stm32l4xx_hal_adc.o
HAL_ADC_Start                                     build/stm32l4xx_hal_adc.o
HAL_ADC_Start_DMA                                 build/stm32l4xx_hal_adc.o
                                                  build/adctask.o
HAL_ADC_Start_IT                                  build/stm32l4xx_hal_adc.o
HAL_ADC_Stop                                      build/stm32l4xx_hal_adc.o
HAL_ADC_Stop_DMA                                  build/stm32l4xx_hal_adc.o
HAL_ADC_Stop_IT                                   build/stm32l4xx_hal_adc.o
HAL_DBGMCU_DisableDBGSleepMode                    build/stm32l4xx_hal.o
HAL_DBGMCU_DisableDBGStandbyMode                  build/stm32l4xx_hal.o
HAL_DBGMCU_DisableDBGStopMode                     build/stm32l4xx_hal.o
HAL_DBGMCU_EnableDBGSleepMode                     build/stm32l4xx_hal.o
HAL_DBGMCU_EnableDBGStandbyMode                   build/stm32l4xx_hal.o
HAL_DBGMCU_EnableDBGStopMode                      build/stm32l4xx_hal.o
HAL_DMA_Abort                                     build/stm32l4xx_hal_dma.o
                                                  build/stm32l4xx_hal_spi.o
                                                  build/stm32l4xx_hal_uart.o
                                                  build/stm32l4xx_hal_adc_ex.o
                                                  build/stm32l4xx_hal_adc.o
HAL_DMA_Abort_IT                                  build/stm32l4xx_hal_dma.o
                                                  build/stm32l4xx_hal_spi.o
                                                  build/stm32l4xx_hal_uart.o
                                                  build/stm32l4xx_hal_tim_ex.o
                                                  build/stm32l4xx_hal_tim.o
                                                  build/stm32l4xx_hal_i2c.o
HAL_DMA_DeInit                                    build/stm32l4xx_hal_dma.o
                                                  build/stm32l4xx_hal_msp.o
HAL_DMA_GetError                                  build/stm32l4xx_hal_dma.o
                                                  build/stm32l4xx_hal_uart.o
HAL_DMA_GetState                                  build/stm32l4xx_hal_dma.o
                                                  build/stm32l4xx_hal_i2c.o
HAL_DMA_IRQHandler                                build/stm32l4xx_hal_dma.o
                                                  build/stm32l4xx_it.o
HAL_DMA_Init                                      build/stm32l4xx_hal_dma.o
                                                  build/stm32l4xx_hal_msp.o
HAL_DMA_PollForTransfer                           build/stm32l4xx_hal_dma.o
HAL_DMA_RegisterCallback                          build/stm32l4xx_hal_dma.o
HAL_DMA_Start                                     build/stm32l4xx_hal_dma.o
HAL_DMA_Start_IT                                  build/stm32l4xx_hal_dma.o
                                                  build/stm32l4xx_hal_spi.o
                                                  build/stm32l4xx_hal_uart.o
                                                  build/stm32l4xx_hal_tim_ex.o
                                                  build/stm32l4xx_hal_tim.o
                                                  build/stm32l4xx_hal_i2c.o
                                                  build/stm32l4xx_hal_adc.o
HAL_DMA_UnRegisterCallback                        build/stm32l4xx_hal_dma.o
HAL_DeInit                                        build/stm32l4xx_hal.o
HAL_Delay                                         build/stm32l4xx_hal.o
HAL_EXTI_ClearConfigLine                          build/stm32l4xx_hal_exti.o
HAL_EXTI_ClearPending                             build/stm32l4xx_hal_exti.o
HAL_EXTI_GenerateSWI                              build/stm32l4xx_hal_exti.o
HAL_EXTI_GetConfigLine                            build/stm32l4xx_hal_exti.o
HAL_EXTI_GetHandle                                build/stm32l4xx_hal_exti.o
HAL_EXTI_GetPending                               build/stm32l4xx_hal_exti.o
HAL_EXTI_IRQHandler                               build/stm32l4xx_hal_exti.o
HAL_EXTI_RegisterCallback                         build/stm32l4xx_hal_exti.o
HAL_EXTI_SetConfigLine                            build/stm32l4xx_hal_exti.o
HAL_FLASHEx_DisableRunPowerDown                   build/stm32l4xx_hal_flash_ramfunc.o
HAL_FLASHEx_EnableRunPowerDown                    build/stm32l4xx_hal_flash_ramfunc.o
HAL_FLASHEx_Erase                                 build/stm32l4xx_hal_flash_ex.o
HAL_FLASHEx_Erase_IT                              build/stm32l4xx_hal_flash_ex.o
HAL_FLASHEx_OBGetConfig                           build/stm32l4xx_hal_flash_ex.o
HAL_FLASHEx_OBProgram                             build/stm32l4xx_hal_flash_ex.o
HAL_FLASH_EndOfOperationCallback                  build/stm32l4xx_hal_flash.o
HAL_FLASH_GetError                                build/stm32l4xx_hal_flash.o
HAL_FLASH_IRQHandler                              build/stm32l4xx_hal_flash.o
HAL_FLASH_Lock                                    build/stm32l4xx_hal_flash.o
HAL_FLASH_OB_Launch                               build/stm32l4xx_hal_flash.o
HAL_FLASH_OB_Lock                                 build/stm32l4xx_hal_flash.o
HAL_FLASH_OB_Unlock                               build/stm32l4xx_hal_flash.o
HAL_FLASH_OperationErrorCallback                  build/stm32l4xx_hal_flash.o
HAL_FLASH_Program                                 build/stm32l4xx_hal_flash.o
HAL_FLASH_Program_IT                              build/stm32l4xx_hal_flash.o
HAL_FLASH_Unlock                                  build/stm32l4xx_hal_flash.o
HAL_GPIO_DeInit                                   build/stm32l4xx_hal_gpio.o
                                                  build/stm32l4xx_hal_msp.o
HAL_GPIO_EXTI_Callback                            build/stm32l4xx_hal_gpio.o
HAL_GPIO_EXTI_IRQHandler                          build/stm32l4xx_hal_gpio.o
HAL_GPIO_Init                                     build/stm32l4xx_hal_gpio.o
                                                  build/stm32l4xx_hal_rcc_ex.o
                                                  build/stm32l4xx_hal_rcc.o
                                                  build/stm32l4xx_hal_msp.o
                                                  build/main.o
HAL_GPIO_LockPin                                  build/stm32l4xx_hal_gpio.o
HAL_GPIO_ReadPin                                  build/stm32l4xx_hal_gpio.o
HAL_GPIO_TogglePin                                build/stm32l4xx_hal_gpio.o
HAL_GPIO_WritePin                                 build/stm32l4xx_hal_gpio.o
                                                  build/morse.o
                                                  build/main.o
HAL_GetDEVID                                      build/stm32l4xx_hal.o
HAL_GetHalVersion                                 build/stm32l4xx_hal.o
HAL_GetREVID                                      build/stm32l4xx_hal.o
HAL_GetTick                                       build/stm32l4xx_hal.o
                                                  build/stm32l4xx_hal_spi.o
                                                  build/stm32l4xx_hal_uart_ex.o
                                                  build/stm32l4xx_hal_uart.o
                                                  build/stm32l4xx_hal_dma.o
                                                  build/stm32l4xx_hal_flash.o
                                                  build/stm32l4xx_hal_rcc_ex.o
                                                  build/stm32l4xx_hal_rcc.o
                                                  build/stm32l4xx_hal_i2c.o
                                                  build/stm32l4xx_hal_adc_ex.o
                                                  build/stm32l4xx_hal_adc.o
HAL_GetTickFreq                                   build/stm32l4xx_hal.o
HAL_GetTickPrio                                   build/stm32l4xx_hal.o
HAL_GetUIDw0                                      build/stm32l4xx_hal.o
HAL_GetUIDw1                                      build/stm32l4xx_hal.o
HAL_GetUIDw2                                      build/stm32l4xx_hal.o
HAL_HalfDuplex_EnableReceiver                     build/stm32l4xx_hal_uart.o
HAL_HalfDuplex_EnableTransmitter                  build/stm32l4xx_hal_uart.o
HAL_HalfDuplex_Init                               build/stm32l4xx_hal_uart.o
HAL_I2CEx_ConfigAnalogFilter                      build/stm32l4xx_hal_i2c_ex.o
HAL_I2CEx_ConfigDigitalFilter                     build/stm32l4xx_hal_i2c_ex.o
HAL_I2CEx_DisableFastModePlus                     build/stm32l4xx_hal_i2c_ex.o
HAL_I2CEx_DisableWakeUp                           build/stm32l4xx_hal_i2c_ex.o
HAL_I2CEx_EnableFastModePlus                      build/stm32l4xx_hal_i2c_ex.o
HAL_I2CEx_EnableWakeUp                            build/stm32l4xx_hal_i2c_ex.o
HAL_I2C_AbortCpltCallback                         build/stm32l4xx_hal_i2c.o
HAL_I2C_AddrCallback                              build/stm32l4xx_hal_i2c.o
HAL_I2C_DeInit                                    build/stm32l4xx_hal_i2c.o
HAL_I2C_DisableListen_IT                          build/stm32l4xx_hal_i2c.o
HAL_I2C_ER_IRQHandler                             build/stm32l4xx_hal_i2c.o
HAL_I2C_EV_IRQHandler                             build/stm32l4xx_hal_i2c.o
HAL_I2C_EnableListen_IT                           build/stm32l4xx_hal_i2c.o
HAL_I2C_ErrorCallback                             build/stm32l4xx_hal_i2c.o
HAL_I2C_GetError                                  build/stm32l4xx_hal_i2c.o
HAL_I2C_GetMode                                   build/stm32l4xx_hal_i2c.o
HAL_I2C_GetState                                  build/stm32l4xx_hal_i2c.o
HAL_I2C_Init                                      build/stm32l4xx_hal_i2c.o
HAL_I2C_IsDeviceReady                             build/stm32l4xx_hal_i2c.o
HAL_I2C_ListenCpltCallback                        build/stm32l4xx_hal_i2c.o
HAL_I2C_MasterRxCpltCallback                      build/stm32l4xx_hal_i2c.o
HAL_I2C_MasterTxCpltCallback                      build/stm32l4xx_hal_i2c.o
HAL_I2C_Master_Abort_IT                           build/stm32l4xx_hal_i2c.o
HAL_I2C_Master_Receive                            build/stm32l4xx_hal_i2c.o
HAL_I2C_Master_Receive_DMA                        build/stm32l4xx_hal_i2c.o
HAL_I2C_Master_Receive_IT                         build/stm32l4xx_hal_i2c.o
HAL_I2C_Master_Seq_Receive_DMA                    build/stm32l4xx_hal_i2c.o
HAL_I2C_Master_Seq_Receive_IT                     build/stm32l4xx_hal_i2c.o
HAL_I2C_Master_Seq_Transmit_DMA                   build/stm32l4xx_hal_i2c.o
HAL_I2C_Master_Seq_Transmit_IT                    build/stm32l4xx_hal_i2c.o
HAL_I2C_Master_Transmit                           build/stm32l4xx_hal_i2c.o
HAL_I2C_Master_Transmit_DMA                       build/stm32l4xx_hal_i2c.o
HAL_I2C_Master_Transmit_IT                        build/stm32l4xx_hal_i2c.o
HAL_I2C_MemRxCpltCallback                         build/stm32l4xx_hal_i2c.o
HAL_I2C_MemTxCpltCallback                         build/stm32l4xx_hal_i2c.o
HAL_I2C_Mem_Read                                  build/stm32l4xx_hal_i2c.o
HAL_I2C_Mem_Read_DMA                              build/stm32l4xx_hal_i2c.o
HAL_I2C_Mem_Read_IT                               build/stm32l4xx_hal_i2c.o
HAL_I2C_Mem_Write                                 build/stm32l4xx_hal_i2c.o
HAL_I2C_Mem_Write_DMA                             build/stm32l4xx_hal_i2c.o
HAL_I2C_Mem_Write_IT                              build/stm32l4xx_hal_i2c.o
HAL_I2C_MspDeInit                                 build/stm32l4xx_hal_i2c.o
HAL_I2C_MspInit                                   build/stm32l4xx_hal_i2c.o
HAL_I2C_SlaveRxCpltCallback                       build/stm32l4xx_hal_i2c.o
HAL_I2C_SlaveTxCpltCallback                       build/stm32l4xx_hal_i2c.o
HAL_I2C_Slave_Receive                             build/stm32l4xx_hal_i2c.o
HAL_I2C_Slave_Receive_DMA                         build/stm32l4xx_hal_i2c.o
HAL_I2C_Slave_Receive_IT                          build/stm32l4xx_hal_i2c.o
HAL_I2C_Slave_Seq_Receive_DMA                     build/stm32l4xx_hal_i2c.o
HAL_I2C_Slave_Seq_Receive_IT                      build/stm32l4xx_hal_i2c.o
HAL_I2C_Slave_Seq_Transmit_DMA                    build/stm32l4xx_hal_i2c.o
HAL_I2C_Slave_Seq_Transmit_IT                     build/stm32l4xx_hal_i2c.o
HAL_I2C_Slave_Transmit                            build/stm32l4xx_hal_i2c.o
HAL_I2C_Slave_Transmit_DMA                        build/stm32l4xx_hal_i2c.o
HAL_I2C_Slave_Transmit_IT                         build/stm32l4xx_hal_i2c.o
HAL_IncTick                                       build/stm32l4xx_hal.o
                                                  build/main.o
HAL_Init                                          build/stm32l4xx_hal.o
                                                  build/main.o
HAL_InitTick                                      build/stm32l4xx_hal_timebase_tim.o
                                                  build/stm32l4xx_hal_rcc.o
HAL_LIN_Init                                      build/stm32l4xx_hal_uart.o
HAL_LIN_SendBreak                                 build/stm32l4xx_hal_uart.o
HAL_MPU_ConfigRegion                              build/stm32l4xx_hal_cortex.o
HAL_MPU_Disable                                   build/stm32l4xx_hal_cortex.o
HAL_MPU_Enable                                    build/stm32l4xx_hal_cortex.o
HAL_MspDeInit                                     build/stm32l4xx_hal.o
HAL_MspInit                                       build/stm32l4xx_hal_msp.o
HAL_MultiProcessorEx_AddressLength_Set            build/stm32l4xx_hal_uart_ex.o
HAL_MultiProcessor_DisableMuteMode                build/stm32l4xx_hal_uart.o
HAL_MultiProcessor_EnableMuteMode                 build/stm32l4xx_hal_uart.o
HAL_MultiProcessor_EnterMuteMode                  build/stm32l4xx_hal_uart.o
HAL_MultiProcessor_Init                           build/stm32l4xx_hal_uart.o
HAL_NVIC_ClearPendingIRQ                          build/stm32l4xx_hal_cortex.o
HAL_NVIC_DisableIRQ                               build/stm32l4xx_hal_cortex.o
HAL_NVIC_EnableIRQ                                build/stm32l4xx_hal_cortex.o
                                                  build/stm32l4xx_hal_timebase_tim.o
                                                  build/main.o
HAL_NVIC_GetActive                                build/stm32l4xx_hal_cortex.o
HAL_NVIC_GetPendingIRQ                            build/stm32l4xx_hal_cortex.o
HAL_NVIC_GetPriority                              build/stm32l4xx_hal_cortex.o
HAL_NVIC_GetPriorityGrouping                      build/stm32l4xx_hal_cortex.o
HAL_NVIC_SetPendingIRQ                            build/stm32l4xx_hal_cortex.o
HAL_NVIC_SetPriority                              build/stm32l4xx_hal_cortex.o
                                                  build/stm32l4xx_hal.o
                                                  build/stm32l4xx_hal_timebase_tim.o
                                                  build/stm32l4xx_hal_msp.o
                                                  build/main.o
HAL_NVIC_SetPriorityGrouping                      build/stm32l4xx_hal_cortex.o
                                                  build/stm32l4xx_hal.o
HAL_NVIC_SystemReset                              build/stm32l4xx_hal_cortex.o
HAL_PWREx_ConfigPVM                               build/stm32l4xx_hal_pwr_ex.o
HAL_PWREx_ControlVoltageScaling                   build/stm32l4xx_hal_pwr_ex.o
                                                  build/main.o
HAL_PWREx_DisableBatteryCharging                  build/stm32l4xx_hal_pwr_ex.o
HAL_PWREx_DisableGPIOPullDown                     build/stm32l4xx_hal_pwr_ex.o
HAL_PWREx_DisableGPIOPullUp                       build/stm32l4xx_hal_pwr_ex.o
HAL_PWREx_DisableInternalWakeUpLine               build/stm32l4xx_hal_pwr_ex.o
HAL_PWREx_DisableLowPowerRunMode                  build/stm32l4xx_hal_pwr_ex.o
                                                  build/stm32l4xx_hal_pwr.o
HAL_PWREx_DisablePVM3                             build/stm32l4xx_hal_pwr_ex.o
HAL_PWREx_DisablePVM4                             build/stm32l4xx_hal_pwr_ex.o
HAL_PWREx_DisablePullUpPullDownConfig             build/stm32l4xx_hal_pwr_ex.o
HAL_PWREx_DisableSRAM2ContentRetention            build/stm32l4xx_hal_pwr_ex.o
HAL_PWREx_EnableBatteryCharging                   build/stm32l4xx_hal_pwr_ex.o
HAL_PWREx_EnableGPIOPullDown                      build/stm32l4xx_hal_pwr_ex.o
HAL_PWREx_EnableGPIOPullUp                        build/stm32l4xx_hal_pwr_ex.o
HAL_PWREx_EnableInternalWakeUpLine                build/stm32l4xx_hal_pwr_ex.o
HAL_PWREx_EnableLowPowerRunMode                   build/stm32l4xx_hal_pwr_ex.o
                                                  build/stm32l4xx_hal_pwr.o
HAL_PWREx_EnablePVM3                              build/stm32l4xx_hal_pwr_ex.o
HAL_PWREx_EnablePVM4                              build/stm32l4xx_hal_pwr_ex.o
HAL_PWREx_EnablePullUpPullDownConfig              build/stm32l4xx_hal_pwr_ex.o
HAL_PWREx_EnableSRAM2ContentRetention             build/stm32l4xx_hal_pwr_ex.o
HAL_PWREx_EnterSHUTDOWNMode                       build/stm32l4xx_hal_pwr_ex.o
HAL_PWREx_EnterSTOP0Mode                          build/stm32l4xx_hal_pwr_ex.o
                                                  build/stm32l4xx_hal_pwr.o
HAL_PWREx_EnterSTOP1Mode                          build/stm32l4xx_hal_pwr_ex.o
                                                  build/stm32l4xx_hal_pwr.o
HAL_PWREx_EnterSTOP2Mode                          build/stm32l4xx_hal_pwr_ex.o
HAL_PWREx_GetVoltageRange                         build/stm32l4xx_hal_pwr_ex.o
                                                  build/stm32l4xx_hal_rcc.o
HAL_PWREx_PVD_PVM_IRQHandler                      build/stm32l4xx_hal_pwr_ex.o
HAL_PWREx_PVM3Callback                            build/stm32l4xx_hal_pwr_ex.o
HAL_PWREx_PVM4Callback                            build/stm32l4xx_hal_pwr_ex.o
HAL_PWREx_SetSRAM2ContentRetention                build/stm32l4xx_hal_pwr_ex.o
HAL_PWR_ConfigPVD                                 build/stm32l4xx_hal_pwr.o
HAL_PWR_DeInit                                    build/stm32l4xx_hal_pwr.o
HAL_PWR_DisableBkUpAccess                         build/stm32l4xx_hal_pwr.o
                                                  build/stm32l4xx_hal_rcc_ex.o
HAL_PWR_DisablePVD                                build/stm32l4xx_hal_pwr.o
HAL_PWR_DisableSEVOnPend                          build/stm32l4xx_hal_pwr.o
HAL_PWR_DisableSleepOnExit                        build/stm32l4xx_hal_pwr.o
HAL_PWR_DisableWakeUpPin                          build/stm32l4xx_hal_pwr.o
HAL_PWR_EnableBkUpAccess                          build/stm32l4xx_hal_pwr.o
                                                  build/stm32l4xx_hal_rcc_ex.o
HAL_PWR_EnablePVD                                 build/stm32l4xx_hal_pwr.o
HAL_PWR_EnableSEVOnPend                           build/stm32l4xx_hal_pwr.o
HAL_PWR_EnableSleepOnExit                         build/stm32l4xx_hal_pwr.o
HAL_PWR_EnableWakeUpPin                           build/stm32l4xx_hal_pwr.o
HAL_PWR_EnterSLEEPMode                            build/stm32l4xx_hal_pwr.o
HAL_PWR_EnterSTANDBYMode                          build/stm32l4xx_hal_pwr.o
HAL_PWR_EnterSTOPMode                             build/stm32l4xx_hal_pwr.o
HAL_PWR_PVDCallback                               build/stm32l4xx_hal_pwr.o
                                                  build/stm32l4xx_hal_pwr_ex.o
HAL_RCCEx_CRSConfig                               build/stm32l4xx_hal_rcc_ex.o
HAL_RCCEx_CRSGetSynchronizationInfo               build/stm32l4xx_hal_rcc_ex.o
HAL_RCCEx_CRSSoftwareSynchronizationGenerate      build/stm32l4xx_hal_rcc_ex.o
HAL_RCCEx_CRSWaitSynchronization                  build/stm32l4xx_hal_rcc_ex.o
HAL_RCCEx_CRS_ErrorCallback                       build/stm32l4xx_hal_rcc_ex.o
HAL_RCCEx_CRS_ExpectedSyncCallback                build/stm32l4xx_hal_rcc_ex.o
HAL_RCCEx_CRS_IRQHandler                          build/stm32l4xx_hal_rcc_ex.o
HAL_RCCEx_CRS_SyncOkCallback                      build/stm32l4xx_hal_rcc_ex.o
HAL_RCCEx_CRS_SyncWarnCallback                    build/stm32l4xx_hal_rcc_ex.o
HAL_RCCEx_DisableLSCO                             build/stm32l4xx_hal_rcc_ex.o
HAL_RCCEx_DisableLSECSS                           build/stm32l4xx_hal_rcc_ex.o
HAL_RCCEx_DisableMSIPLLMode                       build/stm32l4xx_hal_rcc_ex.o
HAL_RCCEx_DisablePLLSAI1                          build/stm32l4xx_hal_rcc_ex.o
HAL_RCCEx_EnableLSCO                              build/stm32l4xx_hal_rcc_ex.o
HAL_RCCEx_EnableLSECSS                            build/stm32l4xx_hal_rcc_ex.o
HAL_RCCEx_EnableLSECSS_IT                         build/stm32l4xx_hal_rcc_ex.o
HAL_RCCEx_EnableMSIPLLMode                        build/stm32l4xx_hal_rcc_ex.o
HAL_RCCEx_EnablePLLSAI1                           build/stm32l4xx_hal_rcc_ex.o
HAL_RCCEx_GetPeriphCLKConfig                      build/stm32l4xx_hal_rcc_ex.o
HAL_RCCEx_GetPeriphCLKFreq                        build/stm32l4xx_hal_rcc_ex.o
HAL_RCCEx_LSECSS_Callback                         build/stm32l4xx_hal_rcc_ex.o
HAL_RCCEx_LSECSS_IRQHandler                       build/stm32l4xx_hal_rcc_ex.o
HAL_RCCEx_PeriphCLKConfig                         build/stm32l4xx_hal_rcc_ex.o
                                                  build/stm32l4xx_hal_msp.o
HAL_RCCEx_StandbyMSIRangeConfig                   build/stm32l4xx_hal_rcc_ex.o
HAL_RCCEx_WakeUpStopCLKConfig                     build/stm32l4xx_hal_rcc_ex.o
HAL_RCC_CSSCallback                               build/stm32l4xx_hal_rcc.o
HAL_RCC_ClockConfig                               build/stm32l4xx_hal_rcc.o
                                                  build/main.o
HAL_RCC_DeInit                                    build/stm32l4xx_hal_rcc.o
HAL_RCC_EnableCSS                                 build/stm32l4xx_hal_rcc.o
HAL_RCC_GetClockConfig                            build/stm32l4xx_hal_rcc.o
                                                  build/stm32l4xx_hal_timebase_tim.o
HAL_RCC_GetHCLKFreq                               build/stm32l4xx_hal_rcc.o
HAL_RCC_GetOscConfig                              build/stm32l4xx_hal_rcc.o
HAL_RCC_GetPCLK1Freq                              build/stm32l4xx_hal_rcc.o
                                                  build/stm32l4xx_hal_uart.o
                                                  build/stm32l4xx_hal_rcc_ex.o
HAL_RCC_GetPCLK2Freq                              build/stm32l4xx_hal_rcc.o
                                                  build/stm32l4xx_hal_uart.o
                                                  build/stm32l4xx_hal_rcc_ex.o
                                                  build/stm32l4xx_hal_timebase_tim.o
HAL_RCC_GetResetSource                            build/stm32l4xx_hal_rcc.o
HAL_RCC_GetSysClockFreq                           build/stm32l4xx_hal_rcc.o
                                                  build/stm32l4xx_hal_uart.o
                                                  build/stm32l4xx_hal_rcc_ex.o
HAL_RCC_MCOConfig                                 build/stm32l4xx_hal_rcc.o
HAL_RCC_NMI_IRQHandler                            build/stm32l4xx_hal_rcc.o
HAL_RCC_OscConfig                                 build/stm32l4xx_hal_rcc.o
                                                  build/main.o
HAL_RS485Ex_Init                                  build/stm32l4xx_hal_uart_ex.o
HAL_ResumeTick                                    build/stm32l4xx_hal_timebase_tim.o
HAL_SPIEx_FlushRxFifo                             build/stm32l4xx_hal_spi_ex.o
HAL_SPI_Abort                                     build/stm32l4xx_hal_spi.o
HAL_SPI_AbortCpltCallback                         build/stm32l4xx_hal_spi.o
HAL_SPI_Abort_IT                                  build/stm32l4xx_hal_spi.o
HAL_SPI_DMAPause                                  build/stm32l4xx_hal_spi.o
HAL_SPI_DMAResume                                 build/stm32l4xx_hal_spi.o
HAL_SPI_DMAStop                                   build/stm32l4xx_hal_spi.o
HAL_SPI_DeInit                                    build/stm32l4xx_hal_spi.o
HAL_SPI_ErrorCallback                             build/stm32l4xx_hal_spi.o
HAL_SPI_GetError                                  build/stm32l4xx_hal_spi.o
HAL_SPI_GetState                                  build/stm32l4xx_hal_spi.o
HAL_SPI_IRQHandler                                build/stm32l4xx_hal_spi.o
HAL_SPI_Init                                      build/stm32l4xx_hal_spi.o
                                                  build/main.o
HAL_SPI_MspDeInit                                 build/stm32l4xx_hal_msp.o
HAL_SPI_MspInit                                   build/stm32l4xx_hal_msp.o
HAL_SPI_Receive                                   build/stm32l4xx_hal_spi.o
HAL_SPI_Receive_DMA                               build/stm32l4xx_hal_spi.o
HAL_SPI_Receive_IT                                build/stm32l4xx_hal_spi.o
HAL_SPI_RxCpltCallback                            build/stm32l4xx_hal_spi.o
HAL_SPI_RxHalfCpltCallback                        build/stm32l4xx_hal_spi.o
HAL_SPI_Transmit                                  build/stm32l4xx_hal_spi.o
HAL_SPI_TransmitReceive                           build/stm32l4xx_hal_spi.o
HAL_SPI_TransmitReceive_DMA                       build/stm32l4xx_hal_spi.o
HAL_SPI_TransmitReceive_IT                        build/stm32l4xx_hal_spi.o
HAL_SPI_Transmit_DMA                              build/stm32l4xx_hal_spi.o
HAL_SPI_Transmit_IT                               build/stm32l4xx_hal_spi.o
HAL_SPI_TxCpltCallback                            build/stm32l4xx_hal_spi.o
HAL_SPI_TxHalfCpltCallback                        build/stm32l4xx_hal_spi.o
HAL_SPI_TxRxCpltCallback                          build/stm32l4xx_hal_spi.o
HAL_SPI_TxRxHalfCpltCallback                      build/stm32l4xx_hal_spi.o
HAL_SYSCFG_DisableIOAnalogSwitchBooster           build/stm32l4xx_hal.o
HAL_SYSCFG_DisableMemorySwappingBank              build/stm32l4xx_hal.o
HAL_SYSCFG_DisableVREFBUF                         build/stm32l4xx_hal.o
HAL_SYSCFG_EnableIOAnalogSwitchBooster            build/stm32l4xx_hal.o
HAL_SYSCFG_EnableMemorySwappingBank               build/stm32l4xx_hal.o
HAL_SYSCFG_EnableVREFBUF                          build/stm32l4xx_hal.o
HAL_SYSCFG_SRAM2Erase                             build/stm32l4xx_hal.o
HAL_SYSCFG_VREFBUF_HighImpedanceConfig            build/stm32l4xx_hal.o
HAL_SYSCFG_VREFBUF_TrimmingConfig                 build/stm32l4xx_hal.o
HAL_SYSCFG_VREFBUF_VoltageScalingConfig           build/stm32l4xx_hal.o
HAL_SYSTICK_CLKSourceConfig                       build/stm32l4xx_hal_cortex.o
HAL_SYSTICK_Callback                              build/stm32l4xx_hal_cortex.o
HAL_SYSTICK_Config                                build/stm32l4xx_hal_cortex.o
                                                  build/stm32l4xx_hal.o
HAL_SYSTICK_IRQHandler                            build/stm32l4xx_hal_cortex.o
HAL_SetTickFreq                                   build/stm32l4xx_hal.o
HAL_SuspendTick                                   build/stm32l4xx_hal_timebase_tim.o
HAL_TIMEx_Break2Callback                          build/stm32l4xx_hal_tim_ex.o
                                                  build/stm32l4xx_hal_tim.o
HAL_TIMEx_BreakCallback                           build/stm32l4xx_hal_tim_ex.o
                                                  build/stm32l4xx_hal_tim.o
HAL_TIMEx_CommutCallback                          build/stm32l4xx_hal_tim_ex.o
                                                  build/stm32l4xx_hal_tim.o
HAL_TIMEx_CommutHalfCpltCallback                  build/stm32l4xx_hal_tim_ex.o
HAL_TIMEx_ConfigBreakDeadTime                     build/stm32l4xx_hal_tim_ex.o
HAL_TIMEx_ConfigBreakInput                        build/stm32l4xx_hal_tim_ex.o
HAL_TIMEx_ConfigCommutEvent                       build/stm32l4xx_hal_tim_ex.o
HAL_TIMEx_ConfigCommutEvent_DMA                   build/stm32l4xx_hal_tim_ex.o
HAL_TIMEx_ConfigCommutEvent_IT                    build/stm32l4xx_hal_tim_ex.o
HAL_TIMEx_GetChannelNState                        build/stm32l4xx_hal_tim_ex.o
HAL_TIMEx_GroupChannel5                           build/stm32l4xx_hal_tim_ex.o
HAL_TIMEx_HallSensor_DeInit                       build/stm32l4xx_hal_tim_ex.o
HAL_TIMEx_HallSensor_GetState                     build/stm32l4xx_hal_tim_ex.o
HAL_TIMEx_HallSensor_Init                         build/stm32l4xx_hal_tim_ex.o
HAL_TIMEx_HallSensor_MspDeInit                    build/stm32l4xx_hal_tim_ex.o
HAL_TIMEx_HallSensor_MspInit                      build/stm32l4xx_hal_tim_ex.o
HAL_TIMEx_HallSensor_Start                        build/stm32l4xx_hal_tim_ex.o
HAL_TIMEx_HallSensor_Start_DMA                    build/stm32l4xx_hal_tim_ex.o
HAL_TIMEx_HallSensor_Start_IT                     build/stm32l4xx_hal_tim_ex.o
HAL_TIMEx_HallSensor_Stop                         build/stm32l4xx_hal_tim_ex.o
HAL_TIMEx_HallSensor_Stop_DMA                     build/stm32l4xx_hal_tim_ex.o
HAL_TIMEx_HallSensor_Stop_IT                      build/stm32l4xx_hal_tim_ex.o
HAL_TIMEx_MasterConfigSynchronization             build/stm32l4xx_hal_tim_ex.o
HAL_TIMEx_OCN_Start                               build/stm32l4xx_hal_tim_ex.o
HAL_TIMEx_OCN_Start_DMA                           build/stm32l4xx_hal_tim_ex.o
HAL_TIMEx_OCN_Start_IT                            build/stm32l4xx_hal_tim_ex.o
HAL_TIMEx_OCN_Stop                                build/stm32l4xx_hal_tim_ex.o
HAL_TIMEx_OCN_Stop_DMA                            build/stm32l4xx_hal_tim_ex.o
HAL_TIMEx_OCN_Stop_IT                             build/stm32l4xx_hal_tim_ex.o
HAL_TIMEx_OnePulseN_Start                         build/stm32l4xx_hal_tim_ex.o
HAL_TIMEx_OnePulseN_Start_IT                      build/stm32l4xx_hal_tim_ex.o
HAL_TIMEx_OnePulseN_Stop                          build/stm32l4xx_hal_tim_ex.o
HAL_TIMEx_OnePulseN_Stop_IT                       build/stm32l4xx_hal_tim_ex.o
HAL_TIMEx_PWMN_Start                              build/stm32l4xx_hal_tim_ex.o
HAL_TIMEx_PWMN_Start_DMA                          build/stm32l4xx_hal_tim_ex.o
HAL_TIMEx_PWMN_Start_IT                           build/stm32l4xx_hal_tim_ex.o
HAL_TIMEx_PWMN_Stop                               build/stm32l4xx_hal_tim_ex.o
HAL_TIMEx_PWMN_Stop_DMA                           build/stm32l4xx_hal_tim_ex.o
HAL_TIMEx_PWMN_Stop_IT                            build/stm32l4xx_hal_tim_ex.o
HAL_TIMEx_RemapConfig                             build/stm32l4xx_hal_tim_ex.o
HAL_TIM_Base_DeInit                               build/stm32l4xx_hal_tim.o
HAL_TIM_Base_GetState                             build/stm32l4xx_hal_tim.o
HAL_TIM_Base_Init                                 build/stm32l4xx_hal_tim.o
                                                  build/stm32l4xx_hal_timebase_tim.o
HAL_TIM_Base_MspDeInit                            build/stm32l4xx_hal_tim.o
HAL_TIM_Base_MspInit                              build/stm32l4xx_hal_tim.o
HAL_TIM_Base_Start                                build/stm32l4xx_hal_tim.o
HAL_TIM_Base_Start_DMA                            build/stm32l4xx_hal_tim.o
HAL_TIM_Base_Start_IT                             build/stm32l4xx_hal_tim.o
                                                  build/stm32l4xx_hal_timebase_tim.o
HAL_TIM_Base_Stop                                 build/stm32l4xx_hal_tim.o
HAL_TIM_Base_Stop_DMA                             build/stm32l4xx_hal_tim.o
HAL_TIM_Base_Stop_IT                              build/stm32l4xx_hal_tim.o
HAL_TIM_ConfigClockSource                         build/stm32l4xx_hal_tim.o
HAL_TIM_ConfigOCrefClear                          build/stm32l4xx_hal_tim.o
HAL_TIM_ConfigTI1Input                            build/stm32l4xx_hal_tim.o
HAL_TIM_DMABurstState                             build/stm32l4xx_hal_tim.o
HAL_TIM_DMABurst_MultiReadStart                   build/stm32l4xx_hal_tim.o
HAL_TIM_DMABurst_MultiWriteStart                  build/stm32l4xx_hal_tim.o
HAL_TIM_DMABurst_ReadStart                        build/stm32l4xx_hal_tim.o
HAL_TIM_DMABurst_ReadStop                         build/stm32l4xx_hal_tim.o
HAL_TIM_DMABurst_WriteStart                       build/stm32l4xx_hal_tim.o
HAL_TIM_DMABurst_WriteStop                        build/stm32l4xx_hal_tim.o
HAL_TIM_Encoder_DeInit                            build/stm32l4xx_hal_tim.o
HAL_TIM_Encoder_GetState                          build/stm32l4xx_hal_tim.o
HAL_TIM_Encoder_Init                              build/stm32l4xx_hal_tim.o
HAL_TIM_Encoder_MspDeInit                         build/stm32l4xx_hal_tim.o
HAL_TIM_Encoder_MspInit                           build/stm32l4xx_hal_tim.o
HAL_TIM_Encoder_Start                             build/stm32l4xx_hal_tim.o
HAL_TIM_Encoder_Start_DMA                         build/stm32l4xx_hal_tim.o
HAL_TIM_Encoder_Start_IT                          build/stm32l4xx_hal_tim.o
HAL_TIM_Encoder_Stop                              build/stm32l4xx_hal_tim.o
HAL_TIM_Encoder_Stop_DMA                          build/stm32l4xx_hal_tim.o
HAL_TIM_Encoder_Stop_IT                           build/stm32l4xx_hal_tim.o
HAL_TIM_ErrorCallback                             build/stm32l4xx_hal_tim.o
                                                  build/stm32l4xx_hal_tim_ex.o
HAL_TIM_GenerateEvent                             build/stm32l4xx_hal_tim.o
HAL_TIM_GetActiveChannel                          build/stm32l4xx_hal_tim.o
HAL_TIM_GetChannelState                           build/stm32l4xx_hal_tim.o
HAL_TIM_IC_CaptureCallback                        build/stm32l4xx_hal_tim.o
HAL_TIM_IC_CaptureHalfCpltCallback                build/stm32l4xx_hal_tim.o
HAL_TIM_IC_ConfigChannel                          build/stm32l4xx_hal_tim.o
HAL_TIM_IC_DeInit                                 build/stm32l4xx_hal_tim.o
HAL_TIM_IC_GetState                               build/stm32l4xx_hal_tim.o
HAL_TIM_IC_Init                                   build/stm32l4xx_hal_tim.o
HAL_TIM_IC_MspDeInit                              build/stm32l4xx_hal_tim.o
HAL_TIM_IC_MspInit                                build/stm32l4xx_hal_tim.o
HAL_TIM_IC_Start                                  build/stm32l4xx_hal_tim.o
HAL_TIM_IC_Start_DMA                              build/stm32l4xx_hal_tim.o
HAL_TIM_IC_Start_IT                               build/stm32l4xx_hal_tim.o
HAL_TIM_IC_Stop                                   build/stm32l4xx_hal_tim.o
HAL_TIM_IC_Stop_DMA                               build/stm32l4xx_hal_tim.o
HAL_TIM_IC_Stop_IT                                build/stm32l4xx_hal_tim.o
HAL_TIM_IRQHandler                                build/stm32l4xx_hal_tim.o
                                                  build/stm32l4xx_it.o
HAL_TIM_OC_ConfigChannel                          build/stm32l4xx_hal_tim.o
HAL_TIM_OC_DeInit                                 build/stm32l4xx_hal_tim.o
HAL_TIM_OC_DelayElapsedCallback                   build/stm32l4xx_hal_tim.o
HAL_TIM_OC_GetState                               build/stm32l4xx_hal_tim.o
HAL_TIM_OC_Init                                   build/stm32l4xx_hal_tim.o
HAL_TIM_OC_MspDeInit                              build/stm32l4xx_hal_tim.o
HAL_TIM_OC_MspInit                                build/stm32l4xx_hal_tim.o
HAL_TIM_OC_Start                                  build/stm32l4xx_hal_tim.o
HAL_TIM_OC_Start_DMA                              build/stm32l4xx_hal_tim.o
HAL_TIM_OC_Start_IT                               build/stm32l4xx_hal_tim.o
HAL_TIM_OC_Stop                                   build/stm32l4xx_hal_tim.o
HAL_TIM_OC_Stop_DMA                               build/stm32l4xx_hal_tim.o
HAL_TIM_OC_Stop_IT                                build/stm32l4xx_hal_tim.o
HAL_TIM_OnePulse_ConfigChannel                    build/stm32l4xx_hal_tim.o
HAL_TIM_OnePulse_DeInit                           build/stm32l4xx_hal_tim.o
HAL_TIM_OnePulse_GetState                         build/stm32l4xx_hal_tim.o
HAL_TIM_OnePulse_Init                             build/stm32l4xx_hal_tim.o
HAL_TIM_OnePulse_MspDeInit                        build/stm32l4xx_hal_tim.o
HAL_TIM_OnePulse_MspInit                          build/stm32l4xx_hal_tim.o
HAL_TIM_OnePulse_Start                            build/stm32l4xx_hal_tim.o
HAL_TIM_OnePulse_Start_IT                         build/stm32l4xx_hal_tim.o
HAL_TIM_OnePulse_Stop                             build/stm32l4xx_hal_tim.o
HAL_TIM_OnePulse_Stop_IT                          build/stm32l4xx_hal_tim.o
HAL_TIM_PWM_ConfigChannel                         build/stm32l4xx_hal_tim.o
HAL_TIM_PWM_DeInit                                build/stm32l4xx_hal_tim.o
HAL_TIM_PWM_GetState                              build/stm32l4xx_hal_tim.o
HAL_TIM_PWM_Init                                  build/stm32l4xx_hal_tim.o
HAL_TIM_PWM_MspDeInit                             build/stm32l4xx_hal_tim.o
HAL_TIM_PWM_MspInit                               build/stm32l4xx_hal_tim.o
HAL_TIM_PWM_PulseFinishedCallback                 build/stm32l4xx_hal_tim.o
                                                  build/stm32l4xx_hal_tim_ex.o
HAL_TIM_PWM_PulseFinishedHalfCpltCallback         build/stm32l4xx_hal_tim.o
HAL_TIM_PWM_Start                                 build/stm32l4xx_hal_tim.o
HAL_TIM_PWM_Start_DMA                             build/stm32l4xx_hal_tim.o
HAL_TIM_PWM_Start_IT                              build/stm32l4xx_hal_tim.o
HAL_TIM_PWM_Stop                                  build/stm32l4xx_hal_tim.o
HAL_TIM_PWM_Stop_DMA                              build/stm32l4xx_hal_tim.o
HAL_TIM_PWM_Stop_IT                               build/stm32l4xx_hal_tim.o
HAL_TIM_PeriodElapsedCallback                     build/main.o